2026-09-01 12:10:01.101 [Info][Server] Событие "Восстание Ледяного Пламени" начнётся через 10 минут
2026-09-01 12:10:15.200 [Info][User] Пользователь ВоронФокс вошёл в игру
2026-09-01 12:10:18.552 [Info][User] Пользователь МираСтоун вошёл в игру
2026-09-01 12:10:22.847 [Info][User] Пользователь КаменьМот вошёл в игру
2026-09-01 12:10:30.004 [Info][Clan] Клан Ночные совы сформировал группу для события
2026-09-01 12:10:36.770 [Info][Clan] Клан Железные волки сформировал группу для события
2026-09-01 12:11:02.900 [Info][Server] Очередь в зону события: 18 игроков
2026-09-01 12:12:14.600 [Info][User] Пользователь ВоронФокс вступил в группу: Ночные совы
2026-09-01 12:12:20.403 [Info][User] Пользователь МираСтоун вступил в группу: Ночные совы
2026-09-01 12:12:25.101 [Info][User] Пользователь КаменьМот вступил в группу: Железные волки
2026-09-01 12:14:03.901 [Info][Server] Для зоны события создан экземпляр ЛедяноеПламя-17
2026-09-01 12:16:07.893 [Info][Server] До начала события осталось 2 минуты
2026-09-01 12:17:45.088 [Info][Server] Зона события открыта для участников
2026-09-01 12:18:25.105 [Info][Event] Событие началось: Восстание Ледяного Пламени
2026-09-01 12:18:26.221 [Info][Clan] Клан Ночные совы вошёл в зону события
2026-09-01 12:18:28.514 [Info][Clan] Клан Железные волки вошёл в зону события
2026-09-01 12:18:34.204 [Info][Event] Основная цель открыта: захватить Древний маяк
2026-09-01 12:18:42.552 [Info][NPC] Страж маяка появился на Северном хребте
2026-09-01 12:18:47.330 [Info][Combat] ВоронФокс победил Ледяного разведчика
2026-09-01 12:18:49.008 [Info][Combat] МираСтоун решил руническую головоломку за 37 секунд
2026-09-01 12:18:52.616 [Info][Combat] КаменьМот победил Ледяного разведчика
2026-09-01 12:18:55.481 [Info][Event] Ночные совы активировали первую сигнальную ракету
2026-09-01 12:18:58.140 [Warning][Server] Задержка на Северном хребте выросла до 184 мс
2026-09-01 12:19:01.725 [Info][Loot] Ночные совы получили добычу: 4 осколка угля
2026-09-01 12:19:04.112 [Info][Combat] ВоронФокс применил Ледяной барьер
2026-09-01 12:19:09.944 [Info][Clan] Железные волки захватили Старую сторожевую башню
2026-09-01 12:19:14.260 [Info][Combat] КаменьМот активировал Знамя выносливости
2026-09-01 12:19:20.811 [Info][Combat] Страж маяка применил способность: Расколотая земля
2026-09-01 12:19:24.078 [Info][User] Пользователь ВоронФокс был сбит с ног Расколотой землёй
2026-09-01 12:19:26.650 [Info][User] Пользователь ВоронФокс воскрешён МиройСтоун
2026-09-01 12:19:30.118 [Info][Event] Под Старой сторожевой башней найден тайный тоннель
2026-09-01 12:19:34.906 [Info][Clan] Ночные совы вошли в тайный тоннель
2026-09-01 12:19:38.442 [Warning][Trap] Ловушка тайного тоннеля нанесла ВоронФоксу 62 урона
2026-09-01 12:19:42.712 [Info][Combat] МираСтоун наложил щит на ВоронФокса
2026-09-01 12:19:46.731 [Info][Event] Открыта скрытая цель: зажечь три ледяных жаровни
2026-09-01 12:19:51.518 [Info][Event] Ночные совы зажгли ледяную жаровню 1/3
2026-09-01 12:19:56.274 [Info][Event] Ночные совы зажгли ледяную жаровню 2/3
2026-09-01 12:20:02.631 [Info][Combat] Железные волки обнаружили вход в тоннель
2026-09-01 12:20:09.605 [Info][Combat] Железные волки устроили засаду у входа в тоннель
2026-09-01 12:20:12.812 [Info][Combat] МираСтоун оглушил двух противников ледяной волной
2026-09-01 12:20:16.470 [Info][Combat] ВоронФокс ушёл через восточный проход
2026-09-01 12:20:20.215 [Info][Clan] Железные волки похитили осколок разбитой короны
2026-09-01 12:20:24.927 [Error][Event] Обнаружена рассинхронизация состояния цели: ледяная жаровня 2/3
2026-09-01 12:20:27.114 [Info][Server] Состояние цели синхронизировано с авторитетного узла
2026-09-01 12:20:31.778 [Info][Event] Ночные совы зажгли ледяную жаровню 3/3
2026-09-01 12:20:35.443 [Info][Event] Скрытая цель выполнена: Ночные совы получили 500 очков
2026-09-01 12:20:39.901 [Info][NPC] Элитный ледяной страж появился у Ледяных врат
2026-09-01 12:20:44.286 [Info][Combat] КаменьМот вызвал элитного ледяного стража на бой
2026-09-01 12:20:49.510 [Info][Combat] Элитный ледяной страж применил способность: Белая мгла
2026-09-01 12:20:52.889 [Warning][Server] Обновления видимости задержаны на 2,4 секунды
2026-09-01 12:20:56.312 [Info][User] Пользователь ВоронФокс получил предмет: Сигнальный фонарь
2026-09-01 12:21:00.704 [Info][Event] Сигнальный фонарь открыл путь к Ледяной арене
2026-09-01 12:21:04.460 [Info][Clan] Ночные совы захватили Ледяную арену
2026-09-01 12:21:08.173 [Info][Combat] ВоронФокс победил Ледяного капитана
2026-09-01 12:21:12.450 [Info][Loot] Железные волки получили добычу: 2 ледяные руны
2026-09-01 12:21:17.029 [Info][Event] Древний маяк стал уязвимым
2026-09-01 12:21:21.807 [Info][Clan] Ночные совы начали захват Древнего маяка
2026-09-01 12:21:26.315 [Info][Clan] Железные волки оспорили захват Древнего маяка
2026-09-01 12:21:30.948 [Info][Combat] КаменьМот разрушил щит маяка, нанеся 310 урона
2026-09-01 12:21:35.506 [Info][Combat] МираСтоун создал исцеляющее поле у маяка
2026-09-01 12:21:39.882 [Info][User] Пользователь ВоронФокс использовал Серебряный волчий жетон
2026-09-01 12:21:44.221 [Info][Event] Серебряный волчий жетон призвал призрачного волка
2026-09-01 12:21:49.670 [Info][Combat] Призрачный волк прервал захват маяка
2026-09-01 12:21:54.103 [Info][Combat] Ночные совы победили 6 защитников из Железных волков
2026-09-01 12:21:58.799 [Info][Clan] Ночные совы вернули контроль над Древним маяком
2026-09-01 12:22:03.117 [Info][Event] Прогресс захвата Древнего маяка: 25%
2026-09-01 12:22:07.956 [Info][Server] Погода изменилась: сильный снегопад
2026-09-01 12:22:12.344 [Warning][Combat] Точность снижена на 15% из-за сильного снегопада
2026-09-01 12:22:16.602 [Info][User] Пользователь МираСтоун получил предмет: Руна тепла
2026-09-01 12:22:20.008 [Info][Combat] МираСтоун снял замедление с трёх союзников
2026-09-01 12:22:25.409 [Info][Clan] Железные волки активировали аварийную точку возрождения
2026-09-01 12:22:29.735 [Info][Combat] Железные волки начали контратаку от Ледяных врат
2026-09-01 12:22:34.118 [Info][Combat] ВоронФокс заблокировал атаку КаменьМота
2026-09-01 12:22:38.901 [Info][Combat] КаменьМот заморожен ловушкой Обморожение ВоронФокса
2026-09-01 12:22:43.277 [Info][Event] Прогресс захвата Древнего маяка: 50%
2026-09-01 12:22:47.690 [Info][NPC] Мировой босс Эмберфанг появился рядом с полем боя
2026-09-01 12:22:52.066 [Info][Server] Отправлено глобальное объявление: Эмберфанг пробудился
2026-09-01 12:22:56.543 [Info][Clan] Оба клана временно прекратили бой за маяк
2026-09-01 12:23:01.824 [Info][Combat] Ночные совы и Железные волки атаковали Эмберфанга
2026-09-01 12:23:06.198 [Info][Combat] Эмберфанг применил способность: Огненный рёв
2026-09-01 12:23:10.775 [Warning][User] Здоровье МирыСтоун опустилось ниже 10%
2026-09-01 12:23:15.239 [Info][User] Пользователь МираСтоун использовал малое зелье здоровья
2026-09-01 12:23:19.644 [Info][Combat] Броня Эмберфанга снижена на 30%
2026-09-01 12:23:24.087 [Info][Combat] КаменьМот нанёс Эмберфангу критический удар на 842 урона
2026-09-01 12:23:28.511 [Info][Combat] Эмберфанг побеждён
2026-09-01 12:23:32.900 [Info][Loot] Выпала общая добыча: Сердце Эмберфанга
2026-09-01 12:23:37.326 [Info][Loot] Ночные совы получили ивентовый предмет: Сердце Эмберфанга
2026-09-01 12:23:41.718 [Info][Event] Прогресс захвата Древнего маяка: 75%
2026-09-01 12:23:46.205 [Info][Clan] Железные волки начали последнюю атаку на Древний маяк
2026-09-01 12:23:50.933 [Info][Combat] МираСтоун обезвредил две ловушки Ночных сов
2026-09-01 12:23:55.410 [Info][Combat] ВоронФокс активировал Сердце Эмберфанга
2026-09-01 12:23:59.822 [Info][Event] Сердце Эмберфанга создало защитное огненное кольцо
2026-09-01 12:24:04.301 [Info][Clan] Ночные совы защищали Древний маяк 30 секунд
2026-09-01 12:24:08.677 [Info][Event] Прогресс захвата Древнего маяка: 100%
2026-09-01 12:24:09.002 [Info][Event] Ночные совы получили контроль над Древним маяком
2026-09-01 12:24:13.446 [Info][Reward] Ночные совы получили 2500 очков события
2026-09-01 12:24:17.813 [Info][Reward] ВоронФокс получил титул: Хранитель маяка
2026-09-01 12:24:22.190 [Info][Reward] Железные волки получили утешительную награду: 800 очков события
2026-09-01 12:24:26.507 [Info][Event] Открыта финальная цель: удержать маяк до эвакуации
2026-09-01 12:24:31.966 [Info][Server] Запущен таймер эвакуации: 5 минут
2026-09-01 12:24:36.220 [Info][User] Пользователь КаменьМот неожиданно отключился
2026-09-01 12:24:40.744 [Warning][Server] Повторное подключение КаменьМота, попытка 1/3
2026-09-01 12:24:45.115 [Info][User] Пользователь КаменьМот подключился повторно
2026-09-01 12:24:49.603 [Info][Combat] Железные волки захватили вторичный склад припасов
2026-09-01 12:24:58.417 [Info][Event] Маяк эвакуации заряжен на 50%
2026-09-01 12:25:03.901 [Info][Combat] Ночные совы отразили последнюю атаку Железных волков
2026-09-01 12:25:08.264 [Info][Event] Маяк эвакуации заряжен на 100%
2026-09-01 12:25:09.006 [Info][Event] Событие успешно завершено: Восстание Ледяного Пламени
2026-09-01 12:25:10.113 [Info][Reward] Ночные совы объявлены победителями события "Восстание Ледяного Пламени"
2026-09-01 12:25:14.771 [Info][Statistics] Игрок ВоронФокс победил 14 врагов
2026-09-01 12:25:16.771 [Info][Statistics] Игрок КаменьМот победил 9 врагов
2026-09-01 12:25:18.771 [Info][Statistics] Игрок МираСтоун победил 6 врагов
2026-09-01 12:25:20.448 [Info][Server] Зона события очищена, оставшиеся существа удалены
2026-09-01 12:25:25.002 [Info][Server] Статистика события сохранена: 18 игроков, 2 клана, 1 мировой босс
2026-09-01 12:25:30.619 [Info][Server] Событие "Восстание Ледяного Пламени" закрыто
2026-09-02 09:00:00.000 [Info][Server] Начато ежедневное техническое обслуживание
2026-09-02 09:03:12.214 [Error][Database] Не удалось сохранить инвентарь игрока: истекло время ожидания подключения
2026-09-02 09:03:20.810 [Warning][Database] Повторное подключение к базе данных, попытка 1/3
2026-09-02 09:03:31.445 [Error][Database] Не удалось сохранить инвентарь игрока: истекло время ожидания подключения
2026-09-02 09:03:42.113 [Fatal][Server] Сервер остановлен: база данных недоступна
2026-09-02 09:04:15.990 [Info][Server] Сервер перезапущен в безопасном режиме
2026-09-03 18:20:08.381 [Info][User] Пользователь ВоронФокс вышел из игры
2026-09-04 08:00:00.000 [Info][User] Пользователь ВоронФокс переместился в область: Северный хребет
2026-09-04 08:00:30.000 [Info][Server] Сохранено состояние игрового мира, цикл 2
2026-09-04 08:01:00.000 [Info][Combat] КаменьМот победил ледяного разведчика в области Долина инея
2026-09-04 08:01:30.000 [Info][Loot] СеверныйВетер получил добычу: осколок льда
2026-09-04 08:02:00.000 [Info][NPC] Ледяной страж начал патрулирование в области Кристальная пещера
2026-09-04 08:02:30.000 [Info][Clan] Ночные совы получили 15 очков за контроль области Зимний порт
2026-09-04 08:03:00.000 [Info][Event] В области Северный хребет обновлено состояние сезонной цели
2026-09-04 08:03:30.000 [Info][Database] Сохранён профиль пользователя МираСтоун
2026-09-04 08:04:00.000 [Info][User] Пользователь КаменьМот получил 25 единиц опыта
2026-09-04 08:04:30.000 [Info][Combat] В области Старая сторожевая башня завершено боевое столкновение
2026-09-04 08:05:00.000 [Info][Server] Проверка доступности игрового экземпляра выполнена успешно
2026-09-04 08:05:30.000 [Info][Statistics] Обновлена статистика активности области Зимний порт
2026-09-04 08:06:00.000 [Info][User] Пользователь ВоронФокс переместился в область: Северный хребет
2026-09-04 08:06:30.000 [Info][Server] Сохранено состояние игрового мира, цикл 14
2026-09-04 08:07:00.000 [Info][Combat] КаменьМот победил ледяного разведчика в области Долина инея
2026-09-04 08:07:30.000 [Info][Loot] СеверныйВетер получил добычу: осколок льда
2026-09-04 08:08:00.000 [Info][NPC] Ледяной страж начал патрулирование в области Кристальная пещера
2026-09-04 08:08:30.000 [Info][Clan] Ночные совы получили 15 очков за контроль области Зимний порт
2026-09-04 08:09:00.000 [Info][Event] В области Северный хребет обновлено состояние сезонной цели
2026-09-04 08:09:30.000 [Info][Database] Сохранён профиль пользователя МираСтоун
2026-09-04 08:10:00.000 [Info][User] Пользователь КаменьМот получил 25 единиц опыта
2026-09-04 08:10:30.000 [Info][Combat] В области Старая сторожевая башня завершено боевое столкновение
2026-09-04 08:11:00.000 [Info][Server] Проверка доступности игрового экземпляра выполнена успешно
2026-09-04 08:11:30.000 [Info][Statistics] Обновлена статистика активности области Зимний порт
2026-09-04 08:12:00.000 [Info][User] Пользователь ВоронФокс переместился в область: Северный хребет
2026-09-04 08:12:30.000 [Info][Server] Сохранено состояние игрового мира, цикл 26
2026-09-04 08:13:00.000 [Info][Combat] КаменьМот победил ледяного разведчика в области Долина инея
2026-09-04 08:13:30.000 [Info][Loot] СеверныйВетер получил добычу: осколок льда
2026-09-04 08:14:00.000 [Info][NPC] Ледяной страж начал патрулирование в области Кристальная пещера
2026-09-04 08:14:30.000 [Info][Clan] Ночные совы получили 15 очков за контроль области Зимний порт
2026-09-04 08:15:00.000 [Info][Event] В области Северный хребет обновлено состояние сезонной цели
2026-09-04 08:15:30.000 [Info][Database] Сохранён профиль пользователя МираСтоун
2026-09-04 08:16:00.000 [Info][User] Пользователь КаменьМот получил 25 единиц опыта
2026-09-04 08:16:30.000 [Info][Combat] В области Старая сторожевая башня завершено боевое столкновение
2026-09-04 08:17:00.000 [Info][Server] Проверка доступности игрового экземпляра выполнена успешно
2026-09-04 08:17:30.000 [Info][Statistics] Обновлена статистика активности области Зимний порт
2026-09-04 08:18:00.000 [Info][User] Пользователь ВоронФокс переместился в область: Северный хребет
2026-09-04 08:18:30.000 [Info][Server] Сохранено состояние игрового мира, цикл 38
2026-09-04 08:19:00.000 [Info][Combat] КаменьМот победил ледяного разведчика в области Долина инея
2026-09-04 08:19:30.000 [Info][Loot] СеверныйВетер получил добычу: осколок льда
2026-09-04 08:20:00.000 [Info][NPC] Ледяной страж начал патрулирование в области Кристальная пещера
2026-09-04 08:20:30.000 [Info][Clan] Ночные совы получили 15 очков за контроль области Зимний порт
2026-09-04 08:21:00.000 [Info][Event] В области Северный хребет обновлено состояние сезонной цели
2026-09-04 08:21:30.000 [Info][Database] Сохранён профиль пользователя МираСтоун
2026-09-04 08:22:00.000 [Info][User] Пользователь КаменьМот получил 25 единиц опыта
2026-09-04 08:22:30.000 [Info][Combat] В области Старая сторожевая башня завершено боевое столкновение
2026-09-04 08:23:00.000 [Info][Server] Проверка доступности игрового экземпляра выполнена успешно
2026-09-04 08:23:30.000 [Info][Statistics] Обновлена статистика активности области Зимний порт
2026-09-04 08:24:00.000 [Info][User] Пользователь ВоронФокс переместился в область: Северный хребет
2026-09-04 08:24:30.000 [Info][Server] Сохранено состояние игрового мира, цикл 50
2026-09-04 08:25:00.000 [Info][Combat] КаменьМот победил ледяного разведчика в области Долина инея
2026-09-04 08:25:30.000 [Info][Loot] СеверныйВетер получил добычу: осколок льда
2026-09-04 08:26:00.000 [Info][NPC] Ледяной страж начал патрулирование в области Кристальная пещера
2026-09-04 08:26:30.000 [Info][Clan] Ночные совы получили 15 очков за контроль области Зимний порт
2026-09-04 08:27:00.000 [Info][Event] В области Северный хребет обновлено состояние сезонной цели
2026-09-04 08:27:30.000 [Info][Database] Сохранён профиль пользователя МираСтоун
2026-09-04 08:28:00.000 [Info][User] Пользователь КаменьМот получил 25 единиц опыта
2026-09-04 08:28:30.000 [Info][Combat] В области Старая сторожевая башня завершено боевое столкновение
2026-09-04 08:29:00.000 [Info][Server] Проверка доступности игрового экземпляра выполнена успешно
2026-09-04 08:29:30.000 [Info][Statistics] Обновлена статистика активности области Зимний порт
2026-09-04 08:30:00.000 [Info][User] Пользователь ВоронФокс переместился в область: Северный хребет
2026-09-04 08:30:30.000 [Info][Server] Сохранено состояние игрового мира, цикл 62
2026-09-04 08:31:00.000 [Info][Combat] КаменьМот победил ледяного разведчика в области Долина инея
2026-09-04 08:31:30.000 [Info][Loot] СеверныйВетер получил добычу: осколок льда
2026-09-04 08:32:00.000 [Info][NPC] Ледяной страж начал патрулирование в области Кристальная пещера
2026-09-04 08:32:30.000 [Info][Clan] Ночные совы получили 15 очков за контроль области Зимний порт
2026-09-04 08:33:00.000 [Info][Event] В области Северный хребет обновлено состояние сезонной цели
2026-09-04 08:33:30.000 [Info][Database] Сохранён профиль пользователя МираСтоун
2026-09-04 08:34:00.000 [Info][User] Пользователь КаменьМот получил 25 единиц опыта
2026-09-04 08:34:30.000 [Info][Combat] В области Старая сторожевая башня завершено боевое столкновение
2026-09-04 08:35:00.000 [Info][Server] Проверка доступности игрового экземпляра выполнена успешно
2026-09-04 08:35:30.000 [Info][Statistics] Обновлена статистика активности области Зимний порт
2026-09-04 08:36:00.000 [Info][User] Пользователь ВоронФокс переместился в область: Северный хребет
2026-09-04 08:36:30.000 [Info][Server] Сохранено состояние игрового мира, цикл 74
2026-09-04 08:37:00.000 [Info][Combat] КаменьМот победил ледяного разведчика в области Долина инея
2026-09-04 08:37:30.000 [Info][Loot] СеверныйВетер получил добычу: осколок льда
2026-09-04 08:38:00.000 [Info][NPC] Ледяной страж начал патрулирование в области Кристальная пещера
2026-09-04 08:38:30.000 [Info][Clan] Ночные совы получили 15 очков за контроль области Зимний порт
2026-09-04 08:39:00.000 [Info][Event] В области Северный хребет обновлено состояние сезонной цели
2026-09-04 08:39:30.000 [Info][Database] Сохранён профиль пользователя МираСтоун
2026-09-04 08:40:00.000 [Info][User] Пользователь КаменьМот получил 25 единиц опыта
2026-09-04 08:40:30.000 [Info][Combat] В области Старая сторожевая башня завершено боевое столкновение
2026-09-04 08:41:00.000 [Info][Server] Проверка доступности игрового экземпляра выполнена успешно
2026-09-04 08:41:30.000 [Info][Statistics] Обновлена статистика активности области Зимний порт
2026-09-04 08:42:00.000 [Info][User] Пользователь ВоронФокс переместился в область: Северный хребет
2026-09-04 08:42:30.000 [Info][Server] Сохранено состояние игрового мира, цикл 86
2026-09-04 08:43:00.000 [Info][Combat] КаменьМот победил ледяного разведчика в области Долина инея
2026-09-04 08:43:30.000 [Info][Loot] СеверныйВетер получил добычу: осколок льда
2026-09-04 08:44:00.000 [Info][NPC] Ледяной страж начал патрулирование в области Кристальная пещера
2026-09-04 08:44:30.000 [Info][Clan] Ночные совы получили 15 очков за контроль области Зимний порт
2026-09-04 08:45:00.000 [Info][Event] В области Северный хребет обновлено состояние сезонной цели
2026-09-04 08:45:30.000 [Info][Database] Сохранён профиль пользователя МираСтоун
2026-09-04 08:46:00.000 [Info][User] Пользователь КаменьМот получил 25 единиц опыта
2026-09-04 08:46:30.000 [Info][Combat] В области Старая сторожевая башня завершено боевое столкновение
2026-09-04 08:47:00.000 [Info][Server] Проверка доступности игрового экземпляра выполнена успешно
2026-09-04 08:47:30.000 [Info][Statistics] Обновлена статистика активности области Зимний порт
2026-09-04 08:48:00.000 [Warning][User] Пользователь ВоронФокс переместился в область: Северный хребет
2026-09-04 08:48:30.000 [Info][Server] Сохранено состояние игрового мира, цикл 98
2026-09-04 08:49:00.000 [Info][Combat] КаменьМот победил ледяного разведчика в области Долина инея
2026-09-04 08:49:30.000 [Info][Loot] СеверныйВетер получил добычу: осколок льда
2026-09-04 08:50:00.000 [Info][NPC] Ледяной страж начал патрулирование в области Кристальная пещера
2026-09-04 08:50:30.000 [Info][Clan] Ночные совы получили 15 очков за контроль области Зимний порт
2026-09-04 08:51:00.000 [Info][Event] В области Северный хребет обновлено состояние сезонной цели
2026-09-04 08:51:30.000 [Info][Database] Сохранён профиль пользователя МираСтоун
2026-09-04 08:52:00.000 [Info][User] Пользователь КаменьМот получил 25 единиц опыта
2026-09-04 08:52:30.000 [Info][Combat] В области Старая сторожевая башня завершено боевое столкновение
2026-09-04 08:53:00.000 [Info][Server] Проверка доступности игрового экземпляра выполнена успешно
2026-09-04 08:53:30.000 [Info][Statistics] Обновлена статистика активности области Зимний порт
2026-09-04 08:54:00.000 [Info][User] Пользователь ВоронФокс переместился в область: Северный хребет
2026-09-04 08:54:30.000 [Info][Server] Сохранено состояние игрового мира, цикл 110
2026-09-04 08:55:00.000 [Info][Combat] КаменьМот победил ледяного разведчика в области Долина инея
2026-09-04 08:55:30.000 [Info][Loot] СеверныйВетер получил добычу: осколок льда
2026-09-04 08:56:00.000 [Info][NPC] Ледяной страж начал патрулирование в области Кристальная пещера
2026-09-04 08:56:30.000 [Info][Clan] Ночные совы получили 15 очков за контроль области Зимний порт
2026-09-04 08:57:00.000 [Info][Event] В области Северный хребет обновлено состояние сезонной цели
2026-09-04 08:57:30.000 [Info][Database] Сохранён профиль пользователя МираСтоун
2026-09-04 08:58:00.000 [Info][User] Пользователь КаменьМот получил 25 единиц опыта
2026-09-04 08:58:30.000 [Info][Combat] В области Старая сторожевая башня завершено боевое столкновение
2026-09-04 08:59:00.000 [Info][Server] Проверка доступности игрового экземпляра выполнена успешно
2026-09-04 08:59:30.000 [Info][Statistics] Обновлена статистика активности области Зимний порт
2026-09-04 09:00:00.000 [Info][User] Пользователь ВоронФокс переместился в область: Северный хребет
2026-09-04 09:00:30.000 [Info][Server] Сохранено состояние игрового мира, цикл 122
2026-09-04 09:01:00.000 [Info][Combat] КаменьМот победил ледяного разведчика в области Долина инея
2026-09-04 09:01:30.000 [Info][Loot] СеверныйВетер получил добычу: осколок льда
2026-09-04 09:02:00.000 [Info][NPC] Ледяной страж начал патрулирование в области Кристальная пещера
2026-09-04 09:02:30.000 [Info][Clan] Ночные совы получили 15 очков за контроль области Зимний порт
2026-09-04 09:03:00.000 [Info][Event] В области Северный хребет обновлено состояние сезонной цели
2026-09-04 09:03:30.000 [Info][Database] Сохранён профиль пользователя МираСтоун
2026-09-04 09:04:00.000 [Info][User] Пользователь КаменьМот получил 25 единиц опыта
2026-09-04 09:04:30.000 [Info][Combat] В области Старая сторожевая башня завершено боевое столкновение
2026-09-04 09:05:00.000 [Info][Server] Проверка доступности игрового экземпляра выполнена успешно
2026-09-04 09:05:30.000 [Info][Statistics] Обновлена статистика активности области Зимний порт
2026-09-04 09:06:00.000 [Info][User] Пользователь ВоронФокс переместился в область: Северный хребет
2026-09-04 09:06:30.000 [Info][Server] Сохранено состояние игрового мира, цикл 134
2026-09-04 09:07:00.000 [Info][Combat] КаменьМот победил ледяного разведчика в области Долина инея
2026-09-04 09:07:30.000 [Info][Loot] СеверныйВетер получил добычу: осколок льда
2026-09-04 09:08:00.000 [Info][NPC] Ледяной страж начал патрулирование в области Кристальная пещера
2026-09-04 09:08:30.000 [Info][Clan] Ночные совы получили 15 очков за контроль области Зимний порт
2026-09-04 09:09:00.000 [Info][Event] В области Северный хребет обновлено состояние сезонной цели
2026-09-04 09:09:30.000 [Info][Database] Сохранён профиль пользователя МираСтоун
2026-09-04 09:10:00.000 [Info][User] Пользователь КаменьМот получил 25 единиц опыта
2026-09-04 09:10:30.000 [Info][Combat] В области Старая сторожевая башня завершено боевое столкновение
2026-09-04 09:11:00.000 [Info][Server] Проверка доступности игрового экземпляра выполнена успешно
2026-09-04 09:11:30.000 [Info][Statistics] Обновлена статистика активности области Зимний порт
2026-09-04 09:12:00.000 [Info][User] Пользователь ВоронФокс переместился в область: Северный хребет
2026-09-04 09:12:30.000 [Info][Server] Сохранено состояние игрового мира, цикл 146
2026-09-04 09:13:00.000 [Info][Combat] КаменьМот победил ледяного разведчика в области Долина инея
2026-09-04 09:13:30.000 [Info][Loot] СеверныйВетер получил добычу: осколок льда
2026-09-04 09:14:00.000 [Info][NPC] Ледяной страж начал патрулирование в области Кристальная пещера
2026-09-04 09:14:30.000 [Info][Clan] Ночные совы получили 15 очков за контроль области Зимний порт
2026-09-04 09:15:00.000 [Info][Event] В области Северный хребет обновлено состояние сезонной цели
2026-09-04 09:15:30.000 [Info][Database] Сохранён профиль пользователя МираСтоун
2026-09-04 09:16:00.000 [Info][User] Пользователь КаменьМот получил 25 единиц опыта
2026-09-04 09:16:30.000 [Info][Combat] В области Старая сторожевая башня завершено боевое столкновение
2026-09-04 09:17:00.000 [Info][Server] Проверка доступности игрового экземпляра выполнена успешно
2026-09-04 09:17:30.000 [Info][Statistics] Обновлена статистика активности области Зимний порт
2026-09-04 09:18:00.000 [Info][User] Пользователь ВоронФокс переместился в область: Северный хребет
2026-09-04 09:18:30.000 [Info][Server] Сохранено состояние игрового мира, цикл 158
2026-09-04 09:19:00.000 [Info][Combat] КаменьМот победил ледяного разведчика в области Долина инея
2026-09-04 09:19:30.000 [Info][Loot] СеверныйВетер получил добычу: осколок льда
2026-09-04 09:20:00.000 [Info][NPC] Ледяной страж начал патрулирование в области Кристальная пещера
2026-09-04 09:20:30.000 [Info][Clan] Ночные совы получили 15 очков за контроль области Зимний порт
2026-09-04 09:21:00.000 [Info][Event] В области Северный хребет обновлено состояние сезонной цели
2026-09-04 09:21:30.000 [Info][Database] Сохранён профиль пользователя МираСтоун
2026-09-04 09:22:00.000 [Info][User] Пользователь КаменьМот получил 25 единиц опыта
2026-09-04 09:22:30.000 [Info][Combat] В области Старая сторожевая башня завершено боевое столкновение
2026-09-04 09:23:00.000 [Info][Server] Проверка доступности игрового экземпляра выполнена успешно
2026-09-04 09:23:30.000 [Info][Statistics] Обновлена статистика активности области Зимний порт
2026-09-04 09:24:00.000 [Info][User] Пользователь ВоронФокс переместился в область: Северный хребет
2026-09-04 09:24:30.000 [Info][Server] Сохранено состояние игрового мира, цикл 170
2026-09-04 09:25:00.000 [Info][Combat] КаменьМот победил ледяного разведчика в области Долина инея
2026-09-04 09:25:30.000 [Info][Loot] СеверныйВетер получил добычу: осколок льда
2026-09-04 09:26:00.000 [Info][NPC] Ледяной страж начал патрулирование в области Кристальная пещера
2026-09-04 09:26:30.000 [Info][Clan] Ночные совы получили 15 очков за контроль области Зимний порт
2026-09-04 09:27:00.000 [Info][Event] В области Северный хребет обновлено состояние сезонной цели
2026-09-04 09:27:30.000 [Info][Database] Сохранён профиль пользователя МираСтоун
2026-09-04 09:28:00.000 [Info][User] Пользователь КаменьМот получил 25 единиц опыта
2026-09-04 09:28:30.000 [Info][Combat] В области Старая сторожевая башня завершено боевое столкновение
2026-09-04 09:29:00.000 [Info][Server] Проверка доступности игрового экземпляра выполнена успешно
2026-09-04 09:29:30.000 [Info][Statistics] Обновлена статистика активности области Зимний порт
2026-09-04 09:30:00.000 [Info][User] Пользователь ВоронФокс переместился в область: Северный хребет
2026-09-04 09:30:30.000 [Info][Server] Сохранено состояние игрового мира, цикл 182
2026-09-04 09:31:00.000 [Info][Combat] КаменьМот победил ледяного разведчика в области Долина инея
2026-09-04 09:31:30.000 [Info][Loot] СеверныйВетер получил добычу: осколок льда
2026-09-04 09:32:00.000 [Info][NPC] Ледяной страж начал патрулирование в области Кристальная пещера
2026-09-04 09:32:30.000 [Info][Clan] Ночные совы получили 15 очков за контроль области Зимний порт
2026-09-04 09:33:00.000 [Info][Event] В области Северный хребет обновлено состояние сезонной цели
2026-09-04 09:33:30.000 [Info][Database] Сохранён профиль пользователя МираСтоун
2026-09-04 09:34:00.000 [Info][User] Пользователь КаменьМот получил 25 единиц опыта
2026-09-04 09:34:30.000 [Info][Combat] В области Старая сторожевая башня завершено боевое столкновение
2026-09-04 09:35:00.000 [Info][Server] Проверка доступности игрового экземпляра выполнена успешно
2026-09-04 09:35:30.000 [Info][Statistics] Обновлена статистика активности области Зимний порт
2026-09-04 09:36:00.000 [Info][User] Пользователь ВоронФокс переместился в область: Северный хребет
2026-09-04 09:36:30.000 [Warning][Server] Сохранено состояние игрового мира, цикл 194
2026-09-04 09:37:00.000 [Info][Combat] КаменьМот победил ледяного разведчика в области Долина инея
2026-09-04 09:37:30.000 [Info][Loot] СеверныйВетер получил добычу: осколок льда
2026-09-04 09:38:00.000 [Info][NPC] Ледяной страж начал патрулирование в области Кристальная пещера
2026-09-04 09:38:30.000 [Info][Clan] Ночные совы получили 15 очков за контроль области Зимний порт
2026-09-04 09:39:00.000 [Info][Event] В области Северный хребет обновлено состояние сезонной цели
2026-09-04 09:39:30.000 [Info][Database] Сохранён профиль пользователя МираСтоун
2026-09-04 09:40:00.000 [Info][User] Пользователь КаменьМот получил 25 единиц опыта
2026-09-04 09:40:30.000 [Info][Combat] В области Старая сторожевая башня завершено боевое столкновение
2026-09-04 09:41:00.000 [Info][Server] Проверка доступности игрового экземпляра выполнена успешно
2026-09-04 09:41:30.000 [Info][Statistics] Обновлена статистика активности области Зимний порт
2026-09-04 09:42:00.000 [Info][User] Пользователь ВоронФокс переместился в область: Северный хребет
2026-09-04 09:42:30.000 [Info][Server] Сохранено состояние игрового мира, цикл 206
2026-09-04 09:43:00.000 [Info][Combat] КаменьМот победил ледяного разведчика в области Долина инея
2026-09-04 09:43:30.000 [Info][Loot] СеверныйВетер получил добычу: осколок льда
2026-09-04 09:44:00.000 [Info][NPC] Ледяной страж начал патрулирование в области Кристальная пещера
2026-09-04 09:44:30.000 [Info][Clan] Ночные совы получили 15 очков за контроль области Зимний порт
2026-09-04 09:45:00.000 [Info][Event] В области Северный хребет обновлено состояние сезонной цели
2026-09-04 09:45:30.000 [Info][Database] Сохранён профиль пользователя МираСтоун
2026-09-04 09:46:00.000 [Info][User] Пользователь КаменьМот получил 25 единиц опыта
2026-09-04 09:46:30.000 [Info][Combat] В области Старая сторожевая башня завершено боевое столкновение
2026-09-04 09:47:00.000 [Info][Server] Проверка доступности игрового экземпляра выполнена успешно
2026-09-04 09:47:30.000 [Info][Statistics] Обновлена статистика активности области Зимний порт
2026-09-04 09:48:00.000 [Info][User] Пользователь ВоронФокс переместился в область: Северный хребет
2026-09-04 09:48:30.000 [Info][Server] Сохранено состояние игрового мира, цикл 218
2026-09-04 09:49:00.000 [Info][Combat] КаменьМот победил ледяного разведчика в области Долина инея
2026-09-04 09:49:30.000 [Info][Loot] СеверныйВетер получил добычу: осколок льда
2026-09-04 09:50:00.000 [Info][NPC] Ледяной страж начал патрулирование в области Кристальная пещера
2026-09-04 09:50:30.000 [Info][Clan] Ночные совы получили 15 очков за контроль области Зимний порт
2026-09-04 09:51:00.000 [Info][Event] В области Северный хребет обновлено состояние сезонной цели
2026-09-04 09:51:30.000 [Info][Database] Сохранён профиль пользователя МираСтоун
2026-09-04 09:52:00.000 [Info][User] Пользователь КаменьМот получил 25 единиц опыта
2026-09-04 09:52:30.000 [Info][Combat] В области Старая сторожевая башня завершено боевое столкновение
2026-09-04 09:53:00.000 [Info][Server] Проверка доступности игрового экземпляра выполнена успешно
2026-09-04 09:53:30.000 [Info][Statistics] Обновлена статистика активности области Зимний порт
2026-09-04 09:54:00.000 [Info][User] Пользователь ВоронФокс переместился в область: Северный хребет
2026-09-04 09:54:30.000 [Info][Server] Сохранено состояние игрового мира, цикл 230
2026-09-04 09:55:00.000 [Info][Combat] КаменьМот победил ледяного разведчика в области Долина инея
2026-09-04 09:55:30.000 [Info][Loot] СеверныйВетер получил добычу: осколок льда
2026-09-04 09:56:00.000 [Info][NPC] Ледяной страж начал патрулирование в области Кристальная пещера
2026-09-04 09:56:30.000 [Info][Clan] Ночные совы получили 15 очков за контроль области Зимний порт
2026-09-04 09:57:00.000 [Info][Event] В области Северный хребет обновлено состояние сезонной цели
2026-09-04 09:57:30.000 [Info][Database] Сохранён профиль пользователя МираСтоун
2026-09-04 09:58:00.000 [Info][User] Пользователь КаменьМот получил 25 единиц опыта
2026-09-04 09:58:30.000 [Info][Combat] В области Старая сторожевая башня завершено боевое столкновение
2026-09-04 09:59:00.000 [Info][Server] Проверка доступности игрового экземпляра выполнена успешно
2026-09-04 09:59:30.000 [Info][Statistics] Обновлена статистика активности области Зимний порт
2026-09-04 10:00:00.000 [Info][User] Пользователь ВоронФокс переместился в область: Северный хребет
2026-09-04 10:00:30.000 [Info][Server] Сохранено состояние игрового мира, цикл 242
2026-09-04 10:01:00.000 [Info][Combat] КаменьМот победил ледяного разведчика в области Долина инея
2026-09-04 10:01:30.000 [Info][Loot] СеверныйВетер получил добычу: осколок льда
2026-09-04 10:02:00.000 [Info][NPC] Ледяной страж начал патрулирование в области Кристальная пещера
2026-09-04 10:02:30.000 [Info][Clan] Ночные совы получили 15 очков за контроль области Зимний порт
2026-09-04 10:03:00.000 [Info][Event] В области Северный хребет обновлено состояние сезонной цели
2026-09-04 10:03:30.000 [Info][Database] Сохранён профиль пользователя МираСтоун
2026-09-04 10:04:00.000 [Info][User] Пользователь КаменьМот получил 25 единиц опыта
2026-09-04 10:04:30.000 [Info][Combat] В области Старая сторожевая башня завершено боевое столкновение
2026-09-04 10:05:00.000 [Info][Server] Проверка доступности игрового экземпляра выполнена успешно
2026-09-04 10:05:30.000 [Info][Statistics] Обновлена статистика активности области Зимний порт
2026-09-04 10:06:00.000 [Info][User] Пользователь ВоронФокс переместился в область: Северный хребет
2026-09-04 10:06:30.000 [Info][Server] Сохранено состояние игрового мира, цикл 254
2026-09-04 10:07:00.000 [Info][Combat] КаменьМот победил ледяного разведчика в области Долина инея
2026-09-04 10:07:30.000 [Info][Loot] СеверныйВетер получил добычу: осколок льда
2026-09-04 10:08:00.000 [Info][NPC] Ледяной страж начал патрулирование в области Кристальная пещера
2026-09-04 10:08:30.000 [Info][Clan] Ночные совы получили 15 очков за контроль области Зимний порт
2026-09-04 10:09:00.000 [Info][Event] В области Северный хребет обновлено состояние сезонной цели
2026-09-04 10:09:30.000 [Info][Database] Сохранён профиль пользователя МираСтоун
2026-09-04 10:10:00.000 [Info][User] Пользователь КаменьМот получил 25 единиц опыта
2026-09-04 10:10:30.000 [Info][Combat] В области Старая сторожевая башня завершено боевое столкновение
2026-09-04 10:11:00.000 [Info][Server] Проверка доступности игрового экземпляра выполнена успешно
2026-09-04 10:11:30.000 [Info][Statistics] Обновлена статистика активности области Зимний порт
2026-09-04 10:12:00.000 [Info][User] Пользователь ВоронФокс переместился в область: Северный хребет
2026-09-04 10:12:30.000 [Info][Server] Сохранено состояние игрового мира, цикл 266
2026-09-04 10:13:00.000 [Info][Combat] КаменьМот победил ледяного разведчика в области Долина инея
2026-09-04 10:13:30.000 [Info][Loot] СеверныйВетер получил добычу: осколок льда
2026-09-04 10:14:00.000 [Info][NPC] Ледяной страж начал патрулирование в области Кристальная пещера
2026-09-04 10:14:30.000 [Info][Clan] Ночные совы получили 15 очков за контроль области Зимний порт
2026-09-04 10:15:00.000 [Info][Event] В области Северный хребет обновлено состояние сезонной цели
2026-09-04 10:15:30.000 [Info][Database] Сохранён профиль пользователя МираСтоун
2026-09-04 10:16:00.000 [Info][User] Пользователь КаменьМот получил 25 единиц опыта
2026-09-04 10:16:30.000 [Info][Combat] В области Старая сторожевая башня завершено боевое столкновение
2026-09-04 10:17:00.000 [Info][Server] Проверка доступности игрового экземпляра выполнена успешно
2026-09-04 10:17:30.000 [Info][Statistics] Обновлена статистика активности области Зимний порт
2026-09-04 10:18:00.000 [Info][User] Пользователь ВоронФокс переместился в область: Северный хребет
2026-09-04 10:18:30.000 [Info][Server] Сохранено состояние игрового мира, цикл 278
2026-09-04 10:19:00.000 [Info][Combat] КаменьМот победил ледяного разведчика в области Долина инея
2026-09-04 10:19:30.000 [Info][Loot] СеверныйВетер получил добычу: осколок льда
2026-09-04 10:20:00.000 [Info][NPC] Ледяной страж начал патрулирование в области Кристальная пещера
2026-09-04 10:20:30.000 [Info][Clan] Ночные совы получили 15 очков за контроль области Зимний порт
2026-09-04 10:21:00.000 [Info][Event] В области Северный хребет обновлено состояние сезонной цели
2026-09-04 10:21:30.000 [Info][Database] Сохранён профиль пользователя МираСтоун
2026-09-04 10:22:00.000 [Info][User] Пользователь КаменьМот получил 25 единиц опыта
2026-09-04 10:22:30.000 [Info][Combat] В области Старая сторожевая башня завершено боевое столкновение
2026-09-04 10:23:00.000 [Info][Server] Проверка доступности игрового экземпляра выполнена успешно
2026-09-04 10:23:30.000 [Info][Statistics] Обновлена статистика активности области Зимний порт
2026-09-04 10:24:00.000 [Info][User] Пользователь ВоронФокс переместился в область: Северный хребет
2026-09-04 10:24:30.000 [Info][Server] Сохранено состояние игрового мира, цикл 290
2026-09-04 10:25:00.000 [Warning][Combat] КаменьМот победил ледяного разведчика в области Долина инея
2026-09-04 10:25:30.000 [Info][Loot] СеверныйВетер получил добычу: осколок льда
2026-09-04 10:26:00.000 [Info][NPC] Ледяной страж начал патрулирование в области Кристальная пещера
2026-09-04 10:26:30.000 [Info][Clan] Ночные совы получили 15 очков за контроль области Зимний порт
2026-09-04 10:27:00.000 [Info][Event] В области Северный хребет обновлено состояние сезонной цели
2026-09-04 10:27:30.000 [Info][Database] Сохранён профиль пользователя МираСтоун
2026-09-04 10:28:00.000 [Info][User] Пользователь КаменьМот получил 25 единиц опыта
2026-09-04 10:28:30.000 [Info][Combat] В области Старая сторожевая башня завершено боевое столкновение
2026-09-04 10:29:00.000 [Info][Server] Проверка доступности игрового экземпляра выполнена успешно
2026-09-04 10:29:30.000 [Info][Statistics] Обновлена статистика активности области Зимний порт
2026-09-04 10:30:00.000 [Info][User] Пользователь ВоронФокс переместился в область: Северный хребет
2026-09-04 10:30:30.000 [Info][Server] Сохранено состояние игрового мира, цикл 302
2026-09-04 10:31:00.000 [Info][Combat] КаменьМот победил ледяного разведчика в области Долина инея
2026-09-04 10:31:30.000 [Info][Loot] СеверныйВетер получил добычу: осколок льда
2026-09-04 10:32:00.000 [Info][NPC] Ледяной страж начал патрулирование в области Кристальная пещера
2026-09-04 10:32:30.000 [Info][Clan] Ночные совы получили 15 очков за контроль области Зимний порт
2026-09-04 10:33:00.000 [Info][Event] В области Северный хребет обновлено состояние сезонной цели
2026-09-04 10:33:30.000 [Info][Database] Сохранён профиль пользователя МираСтоун
2026-09-04 10:34:00.000 [Info][User] Пользователь КаменьМот получил 25 единиц опыта
2026-09-04 10:34:30.000 [Info][Combat] В области Старая сторожевая башня завершено боевое столкновение
2026-09-04 10:35:00.000 [Info][Server] Проверка доступности игрового экземпляра выполнена успешно
2026-09-04 10:35:30.000 [Info][Statistics] Обновлена статистика активности области Зимний порт
2026-09-04 10:36:00.000 [Info][User] Пользователь ВоронФокс переместился в область: Северный хребет
2026-09-04 10:36:30.000 [Info][Server] Сохранено состояние игрового мира, цикл 314
2026-09-04 10:37:00.000 [Info][Combat] КаменьМот победил ледяного разведчика в области Долина инея
2026-09-04 10:37:30.000 [Info][Loot] СеверныйВетер получил добычу: осколок льда
2026-09-04 10:38:00.000 [Info][NPC] Ледяной страж начал патрулирование в области Кристальная пещера
2026-09-04 10:38:30.000 [Info][Clan] Ночные совы получили 15 очков за контроль области Зимний порт
2026-09-04 10:39:00.000 [Info][Event] В области Северный хребет обновлено состояние сезонной цели
2026-09-04 10:39:30.000 [Info][Database] Сохранён профиль пользователя МираСтоун
2026-09-04 10:40:00.000 [Info][User] Пользователь КаменьМот получил 25 единиц опыта
2026-09-04 10:40:30.000 [Info][Combat] В области Старая сторожевая башня завершено боевое столкновение
2026-09-04 10:41:00.000 [Info][Server] Проверка доступности игрового экземпляра выполнена успешно
2026-09-04 10:41:30.000 [Info][Statistics] Обновлена статистика активности области Зимний порт
2026-09-04 10:42:00.000 [Info][User] Пользователь ВоронФокс переместился в область: Северный хребет
2026-09-04 10:42:30.000 [Info][Server] Сохранено состояние игрового мира, цикл 326
2026-09-04 10:43:00.000 [Info][Combat] КаменьМот победил ледяного разведчика в области Долина инея
2026-09-04 10:43:30.000 [Info][Loot] СеверныйВетер получил добычу: осколок льда
2026-09-04 10:44:00.000 [Info][NPC] Ледяной страж начал патрулирование в области Кристальная пещера
2026-09-04 10:44:30.000 [Info][Clan] Ночные совы получили 15 очков за контроль области Зимний порт
2026-09-04 10:45:00.000 [Info][Event] В области Северный хребет обновлено состояние сезонной цели
2026-09-04 10:45:30.000 [Info][Database] Сохранён профиль пользователя МираСтоун
2026-09-04 10:46:00.000 [Info][User] Пользователь КаменьМот получил 25 единиц опыта
2026-09-04 10:46:30.000 [Info][Combat] В области Старая сторожевая башня завершено боевое столкновение
2026-09-04 10:47:00.000 [Info][Server] Проверка доступности игрового экземпляра выполнена успешно
2026-09-04 10:47:30.000 [Info][Statistics] Обновлена статистика активности области Зимний порт
2026-09-04 10:48:00.000 [Info][User] Пользователь ВоронФокс переместился в область: Северный хребет
2026-09-04 10:48:30.000 [Info][Server] Сохранено состояние игрового мира, цикл 338
2026-09-04 10:49:00.000 [Info][Combat] КаменьМот победил ледяного разведчика в области Долина инея
2026-09-04 10:49:30.000 [Info][Loot] СеверныйВетер получил добычу: осколок льда
2026-09-04 10:50:00.000 [Info][NPC] Ледяной страж начал патрулирование в области Кристальная пещера
2026-09-04 10:50:30.000 [Info][Clan] Ночные совы получили 15 очков за контроль области Зимний порт
2026-09-04 10:51:00.000 [Info][Event] В области Северный хребет обновлено состояние сезонной цели
2026-09-04 10:51:30.000 [Info][Database] Сохранён профиль пользователя МираСтоун
2026-09-04 10:52:00.000 [Info][User] Пользователь КаменьМот получил 25 единиц опыта
2026-09-04 10:52:30.000 [Info][Combat] В области Старая сторожевая башня завершено боевое столкновение
2026-09-04 10:53:00.000 [Info][Server] Проверка доступности игрового экземпляра выполнена успешно
2026-09-04 10:53:30.000 [Info][Statistics] Обновлена статистика активности области Зимний порт
2026-09-04 10:54:00.000 [Info][User] Пользователь ВоронФокс переместился в область: Северный хребет
2026-09-04 10:54:30.000 [Info][Server] Сохранено состояние игрового мира, цикл 350
2026-09-04 10:55:00.000 [Info][Combat] КаменьМот победил ледяного разведчика в области Долина инея
2026-09-04 10:55:30.000 [Info][Loot] СеверныйВетер получил добычу: осколок льда
2026-09-04 10:56:00.000 [Info][NPC] Ледяной страж начал патрулирование в области Кристальная пещера
2026-09-04 10:56:30.000 [Info][Clan] Ночные совы получили 15 очков за контроль области Зимний порт
2026-09-04 10:57:00.000 [Info][Event] В области Северный хребет обновлено состояние сезонной цели
2026-09-04 10:57:30.000 [Info][Database] Сохранён профиль пользователя МираСтоун
2026-09-04 10:58:00.000 [Info][User] Пользователь КаменьМот получил 25 единиц опыта
2026-09-04 10:58:30.000 [Info][Combat] В области Старая сторожевая башня завершено боевое столкновение
2026-09-04 10:59:00.000 [Info][Server] Проверка доступности игрового экземпляра выполнена успешно
2026-09-04 10:59:30.000 [Info][Statistics] Обновлена статистика активности области Зимний порт
2026-09-04 11:00:00.000 [Info][User] Пользователь ВоронФокс переместился в область: Северный хребет
2026-09-04 11:00:30.000 [Info][Server] Сохранено состояние игрового мира, цикл 362
2026-09-04 11:01:00.000 [Info][Combat] КаменьМот победил ледяного разведчика в области Долина инея
2026-09-04 11:01:30.000 [Info][Loot] СеверныйВетер получил добычу: осколок льда
2026-09-04 11:02:00.000 [Info][NPC] Ледяной страж начал патрулирование в области Кристальная пещера
2026-09-04 11:02:30.000 [Info][Clan] Ночные совы получили 15 очков за контроль области Зимний порт
2026-09-04 11:03:00.000 [Info][Event] В области Северный хребет обновлено состояние сезонной цели
2026-09-04 11:03:30.000 [Info][Database] Сохранён профиль пользователя МираСтоун
2026-09-04 11:04:00.000 [Info][User] Пользователь КаменьМот получил 25 единиц опыта
2026-09-04 11:04:30.000 [Info][Combat] В области Старая сторожевая башня завершено боевое столкновение
2026-09-04 11:05:00.000 [Info][Server] Проверка доступности игрового экземпляра выполнена успешно
2026-09-04 11:05:30.000 [Info][Statistics] Обновлена статистика активности области Зимний порт
2026-09-04 11:06:00.000 [Info][User] Пользователь ВоронФокс переместился в область: Северный хребет
2026-09-04 11:06:30.000 [Info][Server] Сохранено состояние игрового мира, цикл 374
2026-09-04 11:07:00.000 [Info][Combat] КаменьМот победил ледяного разведчика в области Долина инея
2026-09-04 11:07:30.000 [Info][Loot] СеверныйВетер получил добычу: осколок льда
2026-09-04 11:08:00.000 [Info][NPC] Ледяной страж начал патрулирование в области Кристальная пещера
2026-09-04 11:08:30.000 [Info][Clan] Ночные совы получили 15 очков за контроль области Зимний порт
2026-09-04 11:09:00.000 [Info][Event] В области Северный хребет обновлено состояние сезонной цели
2026-09-04 11:09:30.000 [Info][Database] Сохранён профиль пользователя МираСтоун
2026-09-04 11:10:00.000 [Info][User] Пользователь КаменьМот получил 25 единиц опыта
2026-09-04 11:10:30.000 [Info][Combat] В области Старая сторожевая башня завершено боевое столкновение
2026-09-04 11:11:00.000 [Info][Server] Проверка доступности игрового экземпляра выполнена успешно
2026-09-04 11:11:30.000 [Info][Statistics] Обновлена статистика активности области Зимний порт
2026-09-04 11:12:00.000 [Info][User] Пользователь ВоронФокс переместился в область: Северный хребет
2026-09-04 11:12:30.000 [Info][Server] Сохранено состояние игрового мира, цикл 386
2026-09-04 11:13:00.000 [Info][Combat] КаменьМот победил ледяного разведчика в области Долина инея
2026-09-04 11:13:30.000 [Warning][Loot] СеверныйВетер получил добычу: осколок льда
2026-09-04 11:14:00.000 [Info][NPC] Ледяной страж начал патрулирование в области Кристальная пещера
2026-09-04 11:14:30.000 [Info][Clan] Ночные совы получили 15 очков за контроль области Зимний порт
2026-09-04 11:15:00.000 [Info][Event] В области Северный хребет обновлено состояние сезонной цели
2026-09-04 11:15:30.000 [Info][Database] Сохранён профиль пользователя МираСтоун
2026-09-04 11:16:00.000 [Info][User] Пользователь КаменьМот получил 25 единиц опыта
2026-09-04 11:16:30.000 [Info][Combat] В области Старая сторожевая башня завершено боевое столкновение
2026-09-04 11:17:00.000 [Info][Server] Проверка доступности игрового экземпляра выполнена успешно
2026-09-04 11:17:30.000 [Info][Statistics] Обновлена статистика активности области Зимний порт
2026-09-04 11:18:00.000 [Info][User] Пользователь ВоронФокс переместился в область: Северный хребет
2026-09-04 11:18:30.000 [Info][Server] Сохранено состояние игрового мира, цикл 398
2026-09-04 11:19:00.000 [Info][Combat] КаменьМот победил ледяного разведчика в области Долина инея
2026-09-04 11:19:30.000 [Info][Loot] СеверныйВетер получил добычу: осколок льда
2026-09-04 11:20:00.000 [Info][NPC] Ледяной страж начал патрулирование в области Кристальная пещера
2026-09-04 11:20:30.000 [Info][Clan] Ночные совы получили 15 очков за контроль области Зимний порт
2026-09-04 11:21:00.000 [Info][Event] В области Северный хребет обновлено состояние сезонной цели
2026-09-04 11:21:30.000 [Info][Database] Сохранён профиль пользователя МираСтоун
2026-09-04 11:22:00.000 [Info][User] Пользователь КаменьМот получил 25 единиц опыта
2026-09-04 11:22:30.000 [Info][Combat] В области Старая сторожевая башня завершено боевое столкновение
2026-09-04 11:23:00.000 [Info][Server] Проверка доступности игрового экземпляра выполнена успешно
2026-09-04 11:23:30.000 [Info][Statistics] Обновлена статистика активности области Зимний порт
2026-09-04 11:24:00.000 [Info][User] Пользователь ВоронФокс переместился в область: Северный хребет
2026-09-04 11:24:30.000 [Info][Server] Сохранено состояние игрового мира, цикл 410
2026-09-04 11:25:00.000 [Info][Combat] КаменьМот победил ледяного разведчика в области Долина инея
2026-09-04 11:25:30.000 [Info][Loot] СеверныйВетер получил добычу: осколок льда
2026-09-04 11:26:00.000 [Info][NPC] Ледяной страж начал патрулирование в области Кристальная пещера
2026-09-04 11:26:30.000 [Info][Clan] Ночные совы получили 15 очков за контроль области Зимний порт
2026-09-04 11:27:00.000 [Info][Event] В области Северный хребет обновлено состояние сезонной цели
2026-09-04 11:27:30.000 [Info][Database] Сохранён профиль пользователя МираСтоун
2026-09-04 11:28:00.000 [Info][User] Пользователь КаменьМот получил 25 единиц опыта
2026-09-04 11:28:30.000 [Info][Combat] В области Старая сторожевая башня завершено боевое столкновение
2026-09-04 11:29:00.000 [Info][Server] Проверка доступности игрового экземпляра выполнена успешно
2026-09-04 11:29:30.000 [Info][Statistics] Обновлена статистика активности области Зимний порт
2026-09-04 11:30:00.000 [Info][User] Пользователь ВоронФокс переместился в область: Северный хребет
2026-09-04 11:30:30.000 [Info][Server] Сохранено состояние игрового мира, цикл 422
2026-09-04 11:31:00.000 [Info][Combat] КаменьМот победил ледяного разведчика в области Долина инея
2026-09-04 11:31:30.000 [Info][Loot] СеверныйВетер получил добычу: осколок льда
2026-09-04 11:32:00.000 [Info][NPC] Ледяной страж начал патрулирование в области Кристальная пещера
2026-09-04 11:32:30.000 [Info][Clan] Ночные совы получили 15 очков за контроль области Зимний порт
2026-09-04 11:33:00.000 [Info][Event] В области Северный хребет обновлено состояние сезонной цели
2026-09-04 11:33:30.000 [Info][Database] Сохранён профиль пользователя МираСтоун
2026-09-04 11:34:00.000 [Info][User] Пользователь КаменьМот получил 25 единиц опыта
2026-09-04 11:34:30.000 [Info][Combat] В области Старая сторожевая башня завершено боевое столкновение
2026-09-04 11:35:00.000 [Info][Server] Проверка доступности игрового экземпляра выполнена успешно
2026-09-04 11:35:30.000 [Info][Statistics] Обновлена статистика активности области Зимний порт
2026-09-04 11:36:00.000 [Info][User] Пользователь ВоронФокс переместился в область: Северный хребет
2026-09-04 11:36:30.000 [Info][Server] Сохранено состояние игрового мира, цикл 434
2026-09-04 11:37:00.000 [Info][Combat] КаменьМот победил ледяного разведчика в области Долина инея
2026-09-04 11:37:30.000 [Info][Loot] СеверныйВетер получил добычу: осколок льда
2026-09-04 11:38:00.000 [Info][NPC] Ледяной страж начал патрулирование в области Кристальная пещера
2026-09-04 11:38:30.000 [Info][Clan] Ночные совы получили 15 очков за контроль области Зимний порт
2026-09-04 11:39:00.000 [Info][Event] В области Северный хребет обновлено состояние сезонной цели
2026-09-04 11:39:30.000 [Info][Database] Сохранён профиль пользователя МираСтоун
2026-09-04 11:40:00.000 [Info][User] Пользователь КаменьМот получил 25 единиц опыта
2026-09-04 11:40:30.000 [Info][Combat] В области Старая сторожевая башня завершено боевое столкновение
2026-09-04 11:41:00.000 [Info][Server] Проверка доступности игрового экземпляра выполнена успешно
2026-09-04 11:41:30.000 [Info][Statistics] Обновлена статистика активности области Зимний порт
2026-09-04 11:42:00.000 [Info][User] Пользователь ВоронФокс переместился в область: Северный хребет
2026-09-04 11:42:30.000 [Info][Server] Сохранено состояние игрового мира, цикл 446
2026-09-04 11:43:00.000 [Info][Combat] КаменьМот победил ледяного разведчика в области Долина инея
2026-09-04 11:43:30.000 [Info][Loot] СеверныйВетер получил добычу: осколок льда
2026-09-04 11:44:00.000 [Info][NPC] Ледяной страж начал патрулирование в области Кристальная пещера
2026-09-04 11:44:30.000 [Info][Clan] Ночные совы получили 15 очков за контроль области Зимний порт
2026-09-04 11:45:00.000 [Info][Event] В области Северный хребет обновлено состояние сезонной цели
2026-09-04 11:45:30.000 [Info][Database] Сохранён профиль пользователя МираСтоун
2026-09-04 11:46:00.000 [Info][User] Пользователь КаменьМот получил 25 единиц опыта
2026-09-04 11:46:30.000 [Info][Combat] В области Старая сторожевая башня завершено боевое столкновение
2026-09-04 11:47:00.000 [Info][Server] Проверка доступности игрового экземпляра выполнена успешно
2026-09-04 11:47:30.000 [Info][Statistics] Обновлена статистика активности области Зимний порт
2026-09-04 11:48:00.000 [Info][User] Пользователь ВоронФокс переместился в область: Северный хребет
2026-09-04 11:48:30.000 [Info][Server] Сохранено состояние игрового мира, цикл 458
2026-09-04 11:49:00.000 [Info][Combat] КаменьМот победил ледяного разведчика в области Долина инея
2026-09-04 11:49:30.000 [Info][Loot] СеверныйВетер получил добычу: осколок льда
2026-09-04 11:50:00.000 [Info][NPC] Ледяной страж начал патрулирование в области Кристальная пещера
2026-09-04 11:50:30.000 [Info][Clan] Ночные совы получили 15 очков за контроль области Зимний порт
2026-09-04 11:51:00.000 [Info][Event] В области Северный хребет обновлено состояние сезонной цели
2026-09-04 11:51:30.000 [Info][Database] Сохранён профиль пользователя МираСтоун
2026-09-04 11:52:00.000 [Info][User] Пользователь КаменьМот получил 25 единиц опыта
2026-09-04 11:52:30.000 [Info][Combat] В области Старая сторожевая башня завершено боевое столкновение
2026-09-04 11:53:00.000 [Info][Server] Проверка доступности игрового экземпляра выполнена успешно
2026-09-04 11:53:30.000 [Info][Statistics] Обновлена статистика активности области Зимний порт
2026-09-04 11:54:00.000 [Info][User] Пользователь ВоронФокс переместился в область: Северный хребет
2026-09-04 11:54:30.000 [Info][Server] Сохранено состояние игрового мира, цикл 470
2026-09-04 11:55:00.000 [Info][Combat] КаменьМот победил ледяного разведчика в области Долина инея
2026-09-04 11:55:30.000 [Info][Loot] СеверныйВетер получил добычу: осколок льда
2026-09-04 11:56:00.000 [Info][NPC] Ледяной страж начал патрулирование в области Кристальная пещера
2026-09-04 11:56:30.000 [Info][Clan] Ночные совы получили 15 очков за контроль области Зимний порт
2026-09-04 11:57:00.000 [Info][Event] В области Северный хребет обновлено состояние сезонной цели
2026-09-04 11:57:30.000 [Info][Database] Сохранён профиль пользователя МираСтоун
2026-09-04 11:58:00.000 [Info][User] Пользователь КаменьМот получил 25 единиц опыта
2026-09-04 11:58:30.000 [Info][Combat] В области Старая сторожевая башня завершено боевое столкновение
2026-09-04 11:59:00.000 [Info][Server] Проверка доступности игрового экземпляра выполнена успешно
2026-09-04 11:59:30.000 [Info][Statistics] Обновлена статистика активности области Зимний порт
2026-09-04 12:00:00.000 [Info][User] Пользователь ВоронФокс переместился в область: Северный хребет
2026-09-04 12:00:30.000 [Info][Server] Сохранено состояние игрового мира, цикл 482
2026-09-04 12:01:00.000 [Info][Combat] КаменьМот победил ледяного разведчика в области Долина инея
2026-09-04 12:01:30.000 [Info][Loot] СеверныйВетер получил добычу: осколок льда
2026-09-04 12:02:00.000 [Warning][NPC] Ледяной страж начал патрулирование в области Кристальная пещера
2026-09-04 12:02:30.000 [Info][Clan] Ночные совы получили 15 очков за контроль области Зимний порт
2026-09-04 12:03:00.000 [Info][Event] В области Северный хребет обновлено состояние сезонной цели
2026-09-04 12:03:30.000 [Info][Database] Сохранён профиль пользователя МираСтоун
2026-09-04 12:04:00.000 [Info][User] Пользователь КаменьМот получил 25 единиц опыта
2026-09-04 12:04:30.000 [Info][Combat] В области Старая сторожевая башня завершено боевое столкновение
2026-09-04 12:05:00.000 [Info][Server] Проверка доступности игрового экземпляра выполнена успешно
2026-09-04 12:05:30.000 [Info][Statistics] Обновлена статистика активности области Зимний порт
2026-09-04 12:06:00.000 [Info][User] Пользователь ВоронФокс переместился в область: Северный хребет
2026-09-04 12:06:30.000 [Info][Server] Сохранено состояние игрового мира, цикл 494
2026-09-04 12:07:00.000 [Info][Combat] КаменьМот победил ледяного разведчика в области Долина инея
2026-09-04 12:07:30.000 [Info][Loot] СеверныйВетер получил добычу: осколок льда
2026-09-04 12:08:00.000 [Info][NPC] Ледяной страж начал патрулирование в области Кристальная пещера
2026-09-04 12:08:30.000 [Info][Clan] Ночные совы получили 15 очков за контроль области Зимний порт
2026-09-04 12:09:00.000 [Info][Event] В области Северный хребет обновлено состояние сезонной цели
2026-09-04 12:09:30.000 [Info][Database] Сохранён профиль пользователя МираСтоун
2026-09-04 12:10:00.000 [Info][User] Пользователь КаменьМот получил 25 единиц опыта
2026-09-04 12:10:30.000 [Info][Combat] В области Старая сторожевая башня завершено боевое столкновение
2026-09-04 12:11:00.000 [Info][Server] Проверка доступности игрового экземпляра выполнена успешно
2026-09-04 12:11:30.000 [Info][Statistics] Обновлена статистика активности области Зимний порт
2026-09-04 12:12:00.000 [Info][User] Пользователь ВоронФокс переместился в область: Северный хребет
2026-09-04 12:12:30.000 [Info][Server] Сохранено состояние игрового мира, цикл 506
2026-09-04 12:13:00.000 [Info][Combat] КаменьМот победил ледяного разведчика в области Долина инея
2026-09-04 12:13:30.000 [Info][Loot] СеверныйВетер получил добычу: осколок льда
2026-09-04 12:14:00.000 [Info][NPC] Ледяной страж начал патрулирование в области Кристальная пещера
2026-09-04 12:14:30.000 [Info][Clan] Ночные совы получили 15 очков за контроль области Зимний порт
2026-09-04 12:15:00.000 [Info][Event] В области Северный хребет обновлено состояние сезонной цели
2026-09-04 12:15:30.000 [Info][Database] Сохранён профиль пользователя МираСтоун
2026-09-04 12:16:00.000 [Info][User] Пользователь КаменьМот получил 25 единиц опыта
2026-09-04 12:16:30.000 [Info][Combat] В области Старая сторожевая башня завершено боевое столкновение
2026-09-04 12:17:00.000 [Info][Server] Проверка доступности игрового экземпляра выполнена успешно
2026-09-04 12:17:30.000 [Info][Statistics] Обновлена статистика активности области Зимний порт
2026-09-04 12:18:00.000 [Info][User] Пользователь ВоронФокс переместился в область: Северный хребет
2026-09-04 12:18:30.000 [Info][Server] Сохранено состояние игрового мира, цикл 518
2026-09-04 12:19:00.000 [Info][Combat] КаменьМот победил ледяного разведчика в области Долина инея
2026-09-04 12:19:30.000 [Info][Loot] СеверныйВетер получил добычу: осколок льда
2026-09-04 12:20:00.000 [Info][NPC] Ледяной страж начал патрулирование в области Кристальная пещера
2026-09-04 12:20:30.000 [Info][Clan] Ночные совы получили 15 очков за контроль области Зимний порт
2026-09-04 12:21:00.000 [Info][Event] В области Северный хребет обновлено состояние сезонной цели
2026-09-04 12:21:30.000 [Info][Database] Сохранён профиль пользователя МираСтоун
2026-09-04 12:22:00.000 [Info][User] Пользователь КаменьМот получил 25 единиц опыта
2026-09-04 12:22:30.000 [Info][Combat] В области Старая сторожевая башня завершено боевое столкновение
2026-09-04 12:23:00.000 [Info][Server] Проверка доступности игрового экземпляра выполнена успешно
2026-09-04 12:23:30.000 [Info][Statistics] Обновлена статистика активности области Зимний порт
2026-09-04 12:24:00.000 [Info][User] Пользователь ВоронФокс переместился в область: Северный хребет
2026-09-04 12:24:30.000 [Info][Server] Сохранено состояние игрового мира, цикл 530
2026-09-04 12:25:00.000 [Info][Combat] КаменьМот победил ледяного разведчика в области Долина инея
2026-09-04 12:25:30.000 [Info][Loot] СеверныйВетер получил добычу: осколок льда
2026-09-04 12:26:00.000 [Info][NPC] Ледяной страж начал патрулирование в области Кристальная пещера
2026-09-04 12:26:30.000 [Info][Clan] Ночные совы получили 15 очков за контроль области Зимний порт
2026-09-04 12:27:00.000 [Info][Event] В области Северный хребет обновлено состояние сезонной цели
2026-09-04 12:27:30.000 [Info][Database] Сохранён профиль пользователя МираСтоун
2026-09-04 12:28:00.000 [Info][User] Пользователь КаменьМот получил 25 единиц опыта
2026-09-04 12:28:30.000 [Info][Combat] В области Старая сторожевая башня завершено боевое столкновение
2026-09-04 12:29:00.000 [Info][Server] Проверка доступности игрового экземпляра выполнена успешно
2026-09-04 12:29:30.000 [Info][Statistics] Обновлена статистика активности области Зимний порт
2026-09-04 12:30:00.000 [Info][User] Пользователь ВоронФокс переместился в область: Северный хребет
2026-09-04 12:30:30.000 [Info][Server] Сохранено состояние игрового мира, цикл 542
2026-09-04 12:31:00.000 [Info][Combat] КаменьМот победил ледяного разведчика в области Долина инея
2026-09-04 12:31:30.000 [Info][Loot] СеверныйВетер получил добычу: осколок льда
2026-09-04 12:32:00.000 [Info][NPC] Ледяной страж начал патрулирование в области Кристальная пещера
2026-09-04 12:32:30.000 [Info][Clan] Ночные совы получили 15 очков за контроль области Зимний порт
2026-09-04 12:33:00.000 [Info][Event] В области Северный хребет обновлено состояние сезонной цели
2026-09-04 12:33:30.000 [Info][Database] Сохранён профиль пользователя МираСтоун
2026-09-04 12:34:00.000 [Info][User] Пользователь КаменьМот получил 25 единиц опыта
2026-09-04 12:34:30.000 [Info][Combat] В области Старая сторожевая башня завершено боевое столкновение
2026-09-04 12:35:00.000 [Info][Server] Проверка доступности игрового экземпляра выполнена успешно
2026-09-04 12:35:30.000 [Info][Statistics] Обновлена статистика активности области Зимний порт
2026-09-04 12:36:00.000 [Info][User] Пользователь ВоронФокс переместился в область: Северный хребет
2026-09-04 12:36:30.000 [Info][Server] Сохранено состояние игрового мира, цикл 554
2026-09-04 12:37:00.000 [Info][Combat] КаменьМот победил ледяного разведчика в области Долина инея
2026-09-04 12:37:30.000 [Info][Loot] СеверныйВетер получил добычу: осколок льда
2026-09-04 12:38:00.000 [Info][NPC] Ледяной страж начал патрулирование в области Кристальная пещера
2026-09-04 12:38:30.000 [Info][Clan] Ночные совы получили 15 очков за контроль области Зимний порт
2026-09-04 12:39:00.000 [Info][Event] В области Северный хребет обновлено состояние сезонной цели
2026-09-04 12:39:30.000 [Info][Database] Сохранён профиль пользователя МираСтоун
2026-09-04 12:40:00.000 [Info][User] Пользователь КаменьМот получил 25 единиц опыта
2026-09-04 12:40:30.000 [Info][Combat] В области Старая сторожевая башня завершено боевое столкновение
2026-09-04 12:41:00.000 [Info][Server] Проверка доступности игрового экземпляра выполнена успешно
2026-09-04 12:41:30.000 [Info][Statistics] Обновлена статистика активности области Зимний порт
2026-09-04 12:42:00.000 [Info][User] Пользователь ВоронФокс переместился в область: Северный хребет
2026-09-04 12:42:30.000 [Info][Server] Сохранено состояние игрового мира, цикл 566
2026-09-04 12:43:00.000 [Info][Combat] КаменьМот победил ледяного разведчика в области Долина инея
2026-09-04 12:43:30.000 [Info][Loot] СеверныйВетер получил добычу: осколок льда
2026-09-04 12:44:00.000 [Info][NPC] Ледяной страж начал патрулирование в области Кристальная пещера
2026-09-04 12:44:30.000 [Info][Clan] Ночные совы получили 15 очков за контроль области Зимний порт
2026-09-04 12:45:00.000 [Info][Event] В области Северный хребет обновлено состояние сезонной цели
2026-09-04 12:45:30.000 [Info][Database] Сохранён профиль пользователя МираСтоун
2026-09-04 12:46:00.000 [Info][User] Пользователь КаменьМот получил 25 единиц опыта
2026-09-04 12:46:30.000 [Info][Combat] В области Старая сторожевая башня завершено боевое столкновение
2026-09-04 12:47:00.000 [Info][Server] Проверка доступности игрового экземпляра выполнена успешно
2026-09-04 12:47:30.000 [Info][Statistics] Обновлена статистика активности области Зимний порт
2026-09-04 12:48:00.000 [Info][User] Пользователь ВоронФокс переместился в область: Северный хребет
2026-09-04 12:48:30.000 [Info][Server] Сохранено состояние игрового мира, цикл 578
2026-09-04 12:49:00.000 [Info][Combat] КаменьМот победил ледяного разведчика в области Долина инея
2026-09-04 12:49:30.000 [Info][Loot] СеверныйВетер получил добычу: осколок льда
2026-09-04 12:50:00.000 [Info][NPC] Ледяной страж начал патрулирование в области Кристальная пещера
2026-09-04 12:50:30.000 [Warning][Clan] Ночные совы получили 15 очков за контроль области Зимний порт
2026-09-04 12:51:00.000 [Info][Event] В области Северный хребет обновлено состояние сезонной цели
2026-09-04 12:51:30.000 [Info][Database] Сохранён профиль пользователя МираСтоун
2026-09-04 12:52:00.000 [Info][User] Пользователь КаменьМот получил 25 единиц опыта
2026-09-04 12:52:30.000 [Info][Combat] В области Старая сторожевая башня завершено боевое столкновение
2026-09-04 12:53:00.000 [Info][Server] Проверка доступности игрового экземпляра выполнена успешно
2026-09-04 12:53:30.000 [Info][Statistics] Обновлена статистика активности области Зимний порт
2026-09-04 12:54:00.000 [Info][User] Пользователь ВоронФокс переместился в область: Северный хребет
2026-09-04 12:54:30.000 [Info][Server] Сохранено состояние игрового мира, цикл 590
2026-09-04 12:55:00.000 [Info][Combat] КаменьМот победил ледяного разведчика в области Долина инея
2026-09-04 12:55:30.000 [Info][Loot] СеверныйВетер получил добычу: осколок льда
2026-09-04 12:56:00.000 [Info][NPC] Ледяной страж начал патрулирование в области Кристальная пещера
2026-09-04 12:56:30.000 [Info][Clan] Ночные совы получили 15 очков за контроль области Зимний порт
2026-09-04 12:57:00.000 [Info][Event] В области Северный хребет обновлено состояние сезонной цели
2026-09-04 12:57:30.000 [Info][Database] Сохранён профиль пользователя МираСтоун
2026-09-04 12:58:00.000 [Info][User] Пользователь КаменьМот получил 25 единиц опыта
2026-09-04 12:58:30.000 [Info][Combat] В области Старая сторожевая башня завершено боевое столкновение
2026-09-04 12:59:00.000 [Info][Server] Проверка доступности игрового экземпляра выполнена успешно
2026-09-04 12:59:30.000 [Info][Statistics] Обновлена статистика активности области Зимний порт
2026-09-04 13:00:00.000 [Info][User] Пользователь ВоронФокс переместился в область: Северный хребет
2026-09-04 13:00:30.000 [Info][Server] Сохранено состояние игрового мира, цикл 602
2026-09-04 13:01:00.000 [Info][Combat] КаменьМот победил ледяного разведчика в области Долина инея
2026-09-04 13:01:30.000 [Info][Loot] СеверныйВетер получил добычу: осколок льда
2026-09-04 13:02:00.000 [Info][NPC] Ледяной страж начал патрулирование в области Кристальная пещера
2026-09-04 13:02:30.000 [Info][Clan] Ночные совы получили 15 очков за контроль области Зимний порт
2026-09-04 13:03:00.000 [Info][Event] В области Северный хребет обновлено состояние сезонной цели
2026-09-04 13:03:30.000 [Info][Database] Сохранён профиль пользователя МираСтоун
2026-09-04 13:04:00.000 [Info][User] Пользователь КаменьМот получил 25 единиц опыта
2026-09-04 13:04:30.000 [Info][Combat] В области Старая сторожевая башня завершено боевое столкновение
2026-09-04 13:05:00.000 [Info][Server] Проверка доступности игрового экземпляра выполнена успешно
2026-09-04 13:05:30.000 [Info][Statistics] Обновлена статистика активности области Зимний порт
2026-09-04 13:06:00.000 [Info][User] Пользователь ВоронФокс переместился в область: Северный хребет
2026-09-04 13:06:30.000 [Info][Server] Сохранено состояние игрового мира, цикл 614
2026-09-04 13:07:00.000 [Info][Combat] КаменьМот победил ледяного разведчика в области Долина инея
2026-09-04 13:07:30.000 [Info][Loot] СеверныйВетер получил добычу: осколок льда
2026-09-04 13:08:00.000 [Info][NPC] Ледяной страж начал патрулирование в области Кристальная пещера
2026-09-04 13:08:30.000 [Info][Clan] Ночные совы получили 15 очков за контроль области Зимний порт
2026-09-04 13:09:00.000 [Info][Event] В области Северный хребет обновлено состояние сезонной цели
2026-09-04 13:09:30.000 [Info][Database] Сохранён профиль пользователя МираСтоун
2026-09-04 13:10:00.000 [Info][User] Пользователь КаменьМот получил 25 единиц опыта
2026-09-04 13:10:30.000 [Info][Combat] В области Старая сторожевая башня завершено боевое столкновение
2026-09-04 13:11:00.000 [Info][Server] Проверка доступности игрового экземпляра выполнена успешно
2026-09-04 13:11:30.000 [Info][Statistics] Обновлена статистика активности области Зимний порт
2026-09-04 13:12:00.000 [Info][User] Пользователь ВоронФокс переместился в область: Северный хребет
2026-09-04 13:12:30.000 [Info][Server] Сохранено состояние игрового мира, цикл 626
2026-09-04 13:13:00.000 [Info][Combat] КаменьМот победил ледяного разведчика в области Долина инея
2026-09-04 13:13:30.000 [Info][Loot] СеверныйВетер получил добычу: осколок льда
2026-09-04 13:14:00.000 [Info][NPC] Ледяной страж начал патрулирование в области Кристальная пещера
2026-09-04 13:14:30.000 [Info][Clan] Ночные совы получили 15 очков за контроль области Зимний порт
2026-09-04 13:15:00.000 [Info][Event] В области Северный хребет обновлено состояние сезонной цели
2026-09-04 13:15:30.000 [Info][Database] Сохранён профиль пользователя МираСтоун
2026-09-04 13:16:00.000 [Info][User] Пользователь КаменьМот получил 25 единиц опыта
2026-09-04 13:16:30.000 [Info][Combat] В области Старая сторожевая башня завершено боевое столкновение
2026-09-04 13:17:00.000 [Info][Server] Проверка доступности игрового экземпляра выполнена успешно
2026-09-04 13:17:30.000 [Info][Statistics] Обновлена статистика активности области Зимний порт
2026-09-04 13:18:00.000 [Info][User] Пользователь ВоронФокс переместился в область: Северный хребет
2026-09-04 13:18:30.000 [Info][Server] Сохранено состояние игрового мира, цикл 638
2026-09-04 13:19:00.000 [Info][Combat] КаменьМот победил ледяного разведчика в области Долина инея
2026-09-04 13:19:30.000 [Info][Loot] СеверныйВетер получил добычу: осколок льда
2026-09-04 13:20:00.000 [Info][NPC] Ледяной страж начал патрулирование в области Кристальная пещера
2026-09-04 13:20:30.000 [Info][Clan] Ночные совы получили 15 очков за контроль области Зимний порт
2026-09-04 13:21:00.000 [Info][Event] В области Северный хребет обновлено состояние сезонной цели
2026-09-04 13:21:30.000 [Info][Database] Сохранён профиль пользователя МираСтоун
2026-09-04 13:22:00.000 [Info][User] Пользователь КаменьМот получил 25 единиц опыта
2026-09-04 13:22:30.000 [Info][Combat] В области Старая сторожевая башня завершено боевое столкновение
2026-09-04 13:23:00.000 [Info][Server] Проверка доступности игрового экземпляра выполнена успешно
2026-09-04 13:23:30.000 [Info][Statistics] Обновлена статистика активности области Зимний порт
2026-09-04 13:24:00.000 [Info][User] Пользователь ВоронФокс переместился в область: Северный хребет
2026-09-04 13:24:30.000 [Info][Server] Сохранено состояние игрового мира, цикл 650
2026-09-04 13:25:00.000 [Info][Combat] КаменьМот победил ледяного разведчика в области Долина инея
2026-09-04 13:25:30.000 [Info][Loot] СеверныйВетер получил добычу: осколок льда
2026-09-04 13:26:00.000 [Info][NPC] Ледяной страж начал патрулирование в области Кристальная пещера
2026-09-04 13:26:30.000 [Info][Clan] Ночные совы получили 15 очков за контроль области Зимний порт
2026-09-04 13:27:00.000 [Info][Event] В области Северный хребет обновлено состояние сезонной цели
2026-09-04 13:27:30.000 [Info][Database] Сохранён профиль пользователя МираСтоун
2026-09-04 13:28:00.000 [Info][User] Пользователь КаменьМот получил 25 единиц опыта
2026-09-04 13:28:30.000 [Info][Combat] В области Старая сторожевая башня завершено боевое столкновение
2026-09-04 13:29:00.000 [Info][Server] Проверка доступности игрового экземпляра выполнена успешно
2026-09-04 13:29:30.000 [Info][Statistics] Обновлена статистика активности области Зимний порт
2026-09-04 13:30:00.000 [Info][User] Пользователь ВоронФокс переместился в область: Северный хребет
2026-09-04 13:30:30.000 [Info][Server] Сохранено состояние игрового мира, цикл 662
2026-09-04 13:31:00.000 [Info][Combat] КаменьМот победил ледяного разведчика в области Долина инея
2026-09-04 13:31:30.000 [Info][Loot] СеверныйВетер получил добычу: осколок льда
2026-09-04 13:32:00.000 [Info][NPC] Ледяной страж начал патрулирование в области Кристальная пещера
2026-09-04 13:32:30.000 [Info][Clan] Ночные совы получили 15 очков за контроль области Зимний порт
2026-09-04 13:33:00.000 [Info][Event] В области Северный хребет обновлено состояние сезонной цели
2026-09-04 13:33:30.000 [Info][Database] Сохранён профиль пользователя МираСтоун
2026-09-04 13:34:00.000 [Info][User] Пользователь КаменьМот получил 25 единиц опыта
2026-09-04 13:34:30.000 [Info][Combat] В области Старая сторожевая башня завершено боевое столкновение
2026-09-04 13:35:00.000 [Info][Server] Проверка доступности игрового экземпляра выполнена успешно
2026-09-04 13:35:30.000 [Info][Statistics] Обновлена статистика активности области Зимний порт
2026-09-04 13:36:00.000 [Info][User] Пользователь ВоронФокс переместился в область: Северный хребет
2026-09-04 13:36:30.000 [Info][Server] Сохранено состояние игрового мира, цикл 674
2026-09-04 13:37:00.000 [Info][Combat] КаменьМот победил ледяного разведчика в области Долина инея
2026-09-04 13:37:30.000 [Info][Loot] СеверныйВетер получил добычу: осколок льда
2026-09-04 13:38:00.000 [Info][NPC] Ледяной страж начал патрулирование в области Кристальная пещера
2026-09-04 13:38:30.000 [Info][Clan] Ночные совы получили 15 очков за контроль области Зимний порт
2026-09-04 13:39:00.000 [Warning][Event] В области Северный хребет обновлено состояние сезонной цели
2026-09-04 13:39:30.000 [Info][Database] Сохранён профиль пользователя МираСтоун
2026-09-04 13:40:00.000 [Info][User] Пользователь КаменьМот получил 25 единиц опыта
2026-09-04 13:40:30.000 [Info][Combat] В области Старая сторожевая башня завершено боевое столкновение
2026-09-04 13:41:00.000 [Info][Server] Проверка доступности игрового экземпляра выполнена успешно
2026-09-04 13:41:30.000 [Info][Statistics] Обновлена статистика активности области Зимний порт
2026-09-04 13:42:00.000 [Info][User] Пользователь ВоронФокс переместился в область: Северный хребет
2026-09-04 13:42:30.000 [Info][Server] Сохранено состояние игрового мира, цикл 686
2026-09-04 13:43:00.000 [Info][Combat] КаменьМот победил ледяного разведчика в области Долина инея
2026-09-04 13:43:30.000 [Info][Loot] СеверныйВетер получил добычу: осколок льда
2026-09-04 13:44:00.000 [Info][NPC] Ледяной страж начал патрулирование в области Кристальная пещера
2026-09-04 13:44:30.000 [Info][Clan] Ночные совы получили 15 очков за контроль области Зимний порт
2026-09-04 13:45:00.000 [Info][Event] В области Северный хребет обновлено состояние сезонной цели
2026-09-04 13:45:30.000 [Info][Database] Сохранён профиль пользователя МираСтоун
2026-09-04 13:46:00.000 [Info][User] Пользователь КаменьМот получил 25 единиц опыта
2026-09-04 13:46:30.000 [Info][Combat] В области Старая сторожевая башня завершено боевое столкновение
2026-09-04 13:47:00.000 [Info][Server] Проверка доступности игрового экземпляра выполнена успешно
2026-09-04 13:47:30.000 [Info][Statistics] Обновлена статистика активности области Зимний порт
2026-09-04 13:48:00.000 [Info][User] Пользователь ВоронФокс переместился в область: Северный хребет
2026-09-04 13:48:30.000 [Info][Server] Сохранено состояние игрового мира, цикл 698
2026-09-04 13:49:00.000 [Info][Combat] КаменьМот победил ледяного разведчика в области Долина инея
2026-09-04 13:49:30.000 [Info][Loot] СеверныйВетер получил добычу: осколок льда
2026-09-04 13:50:00.000 [Info][NPC] Ледяной страж начал патрулирование в области Кристальная пещера
2026-09-04 13:50:30.000 [Info][Clan] Ночные совы получили 15 очков за контроль области Зимний порт
2026-09-04 13:51:00.000 [Info][Event] В области Северный хребет обновлено состояние сезонной цели
2026-09-04 13:51:30.000 [Info][Database] Сохранён профиль пользователя МираСтоун
2026-09-04 13:52:00.000 [Info][User] Пользователь КаменьМот получил 25 единиц опыта
2026-09-04 13:52:30.000 [Info][Combat] В области Старая сторожевая башня завершено боевое столкновение
2026-09-04 13:53:00.000 [Info][Server] Проверка доступности игрового экземпляра выполнена успешно
2026-09-04 13:53:30.000 [Info][Statistics] Обновлена статистика активности области Зимний порт
2026-09-04 13:54:00.000 [Info][User] Пользователь ВоронФокс переместился в область: Северный хребет
2026-09-04 13:54:30.000 [Info][Server] Сохранено состояние игрового мира, цикл 710
2026-09-04 13:55:00.000 [Info][Combat] КаменьМот победил ледяного разведчика в области Долина инея
2026-09-04 13:55:30.000 [Info][Loot] СеверныйВетер получил добычу: осколок льда
2026-09-04 13:56:00.000 [Info][NPC] Ледяной страж начал патрулирование в области Кристальная пещера
2026-09-04 13:56:30.000 [Info][Clan] Ночные совы получили 15 очков за контроль области Зимний порт
2026-09-04 13:57:00.000 [Info][Event] В области Северный хребет обновлено состояние сезонной цели
2026-09-04 13:57:30.000 [Info][Database] Сохранён профиль пользователя МираСтоун
2026-09-04 13:58:00.000 [Info][User] Пользователь КаменьМот получил 25 единиц опыта
2026-09-04 13:58:30.000 [Info][Combat] В области Старая сторожевая башня завершено боевое столкновение
2026-09-04 13:59:00.000 [Info][Server] Проверка доступности игрового экземпляра выполнена успешно
2026-09-04 13:59:30.000 [Info][Statistics] Обновлена статистика активности области Зимний порт
2026-09-04 14:00:00.000 [Info][User] Пользователь ВоронФокс переместился в область: Северный хребет
2026-09-04 14:00:30.000 [Info][Server] Сохранено состояние игрового мира, цикл 722
2026-09-04 14:01:00.000 [Info][Combat] КаменьМот победил ледяного разведчика в области Долина инея
2026-09-04 14:01:30.000 [Info][Loot] СеверныйВетер получил добычу: осколок льда
2026-09-04 14:02:00.000 [Info][NPC] Ледяной страж начал патрулирование в области Кристальная пещера
2026-09-04 14:02:30.000 [Info][Clan] Ночные совы получили 15 очков за контроль области Зимний порт
2026-09-04 14:03:00.000 [Info][Event] В области Северный хребет обновлено состояние сезонной цели
2026-09-04 14:03:30.000 [Info][Database] Сохранён профиль пользователя МираСтоун
2026-09-04 14:04:00.000 [Info][User] Пользователь КаменьМот получил 25 единиц опыта
2026-09-04 14:04:30.000 [Info][Combat] В области Старая сторожевая башня завершено боевое столкновение
2026-09-04 14:05:00.000 [Info][Server] Проверка доступности игрового экземпляра выполнена успешно
2026-09-04 14:05:30.000 [Info][Statistics] Обновлена статистика активности области Зимний порт
2026-09-04 14:06:00.000 [Info][User] Пользователь ВоронФокс переместился в область: Северный хребет
2026-09-04 14:06:30.000 [Info][Server] Сохранено состояние игрового мира, цикл 734
2026-09-04 14:07:00.000 [Info][Combat] КаменьМот победил ледяного разведчика в области Долина инея
2026-09-04 14:07:30.000 [Info][Loot] СеверныйВетер получил добычу: осколок льда
2026-09-04 14:08:00.000 [Info][NPC] Ледяной страж начал патрулирование в области Кристальная пещера
2026-09-04 14:08:30.000 [Info][Clan] Ночные совы получили 15 очков за контроль области Зимний порт
2026-09-04 14:09:00.000 [Info][Event] В области Северный хребет обновлено состояние сезонной цели
2026-09-04 14:09:30.000 [Info][Database] Сохранён профиль пользователя МираСтоун
2026-09-04 14:10:00.000 [Info][User] Пользователь КаменьМот получил 25 единиц опыта
2026-09-04 14:10:30.000 [Info][Combat] В области Старая сторожевая башня завершено боевое столкновение
2026-09-04 14:11:00.000 [Info][Server] Проверка доступности игрового экземпляра выполнена успешно
2026-09-04 14:11:30.000 [Info][Statistics] Обновлена статистика активности области Зимний порт
2026-09-04 14:12:00.000 [Info][User] Пользователь ВоронФокс переместился в область: Северный хребет
2026-09-04 14:12:30.000 [Info][Server] Сохранено состояние игрового мира, цикл 746
2026-09-04 14:13:00.000 [Info][Combat] КаменьМот победил ледяного разведчика в области Долина инея
2026-09-04 14:13:30.000 [Info][Loot] СеверныйВетер получил добычу: осколок льда
2026-09-04 14:14:00.000 [Info][NPC] Ледяной страж начал патрулирование в области Кристальная пещера
2026-09-04 14:14:30.000 [Info][Clan] Ночные совы получили 15 очков за контроль области Зимний порт
2026-09-04 14:15:00.000 [Info][Event] В области Северный хребет обновлено состояние сезонной цели
2026-09-04 14:15:30.000 [Info][Database] Сохранён профиль пользователя МираСтоун
2026-09-04 14:16:00.000 [Info][User] Пользователь КаменьМот получил 25 единиц опыта
2026-09-04 14:16:30.000 [Info][Combat] В области Старая сторожевая башня завершено боевое столкновение
2026-09-04 14:17:00.000 [Info][Server] Проверка доступности игрового экземпляра выполнена успешно
2026-09-04 14:17:30.000 [Info][Statistics] Обновлена статистика активности области Зимний порт
2026-09-04 14:18:00.000 [Info][User] Пользователь ВоронФокс переместился в область: Северный хребет
2026-09-04 14:18:30.000 [Info][Server] Сохранено состояние игрового мира, цикл 758
2026-09-04 14:19:00.000 [Info][Combat] КаменьМот победил ледяного разведчика в области Долина инея
2026-09-04 14:19:30.000 [Info][Loot] СеверныйВетер получил добычу: осколок льда
2026-09-04 14:20:00.000 [Info][NPC] Ледяной страж начал патрулирование в области Кристальная пещера
2026-09-04 14:20:30.000 [Info][Clan] Ночные совы получили 15 очков за контроль области Зимний порт
2026-09-04 14:21:00.000 [Info][Event] В области Северный хребет обновлено состояние сезонной цели
2026-09-04 14:21:30.000 [Info][Database] Сохранён профиль пользователя МираСтоун
2026-09-04 14:22:00.000 [Info][User] Пользователь КаменьМот получил 25 единиц опыта
2026-09-04 14:22:30.000 [Info][Combat] В области Старая сторожевая башня завершено боевое столкновение
2026-09-04 14:23:00.000 [Info][Server] Проверка доступности игрового экземпляра выполнена успешно
2026-09-04 14:23:30.000 [Info][Statistics] Обновлена статистика активности области Зимний порт
2026-09-04 14:24:00.000 [Info][User] Пользователь ВоронФокс переместился в область: Северный хребет
2026-09-04 14:24:30.000 [Info][Server] Сохранено состояние игрового мира, цикл 770
2026-09-04 14:25:00.000 [Info][Combat] КаменьМот победил ледяного разведчика в области Долина инея
2026-09-04 14:25:30.000 [Info][Loot] СеверныйВетер получил добычу: осколок льда
2026-09-04 14:26:00.000 [Info][NPC] Ледяной страж начал патрулирование в области Кристальная пещера
2026-09-04 14:26:30.000 [Info][Clan] Ночные совы получили 15 очков за контроль области Зимний порт
2026-09-04 14:27:00.000 [Info][Event] В области Северный хребет обновлено состояние сезонной цели
2026-09-04 14:27:30.000 [Warning][Database] Сохранён профиль пользователя МираСтоун
2026-09-04 14:28:00.000 [Info][User] Пользователь КаменьМот получил 25 единиц опыта
2026-09-04 14:28:30.000 [Info][Combat] В области Старая сторожевая башня завершено боевое столкновение
2026-09-04 14:29:00.000 [Info][Server] Проверка доступности игрового экземпляра выполнена успешно
2026-09-04 14:29:30.000 [Info][Statistics] Обновлена статистика активности области Зимний порт
2026-09-04 14:30:00.000 [Info][User] Пользователь ВоронФокс переместился в область: Северный хребет
2026-09-04 14:30:30.000 [Info][Server] Сохранено состояние игрового мира, цикл 782
2026-09-04 14:31:00.000 [Info][Combat] КаменьМот победил ледяного разведчика в области Долина инея
2026-09-04 14:31:30.000 [Info][Loot] СеверныйВетер получил добычу: осколок льда
2026-09-04 14:32:00.000 [Info][NPC] Ледяной страж начал патрулирование в области Кристальная пещера
2026-09-04 14:32:30.000 [Info][Clan] Ночные совы получили 15 очков за контроль области Зимний порт
2026-09-04 14:33:00.000 [Info][Event] В области Северный хребет обновлено состояние сезонной цели
2026-09-04 14:33:30.000 [Info][Database] Сохранён профиль пользователя МираСтоун
2026-09-04 14:34:00.000 [Info][User] Пользователь КаменьМот получил 25 единиц опыта
2026-09-04 14:34:30.000 [Info][Combat] В области Старая сторожевая башня завершено боевое столкновение
2026-09-04 14:35:00.000 [Info][Server] Проверка доступности игрового экземпляра выполнена успешно
2026-09-04 14:35:30.000 [Info][Statistics] Обновлена статистика активности области Зимний порт
2026-09-04 14:36:00.000 [Info][User] Пользователь ВоронФокс переместился в область: Северный хребет
2026-09-04 14:36:30.000 [Info][Server] Сохранено состояние игрового мира, цикл 794
2026-09-04 14:37:00.000 [Info][Combat] КаменьМот победил ледяного разведчика в области Долина инея
2026-09-04 14:37:30.000 [Info][Loot] СеверныйВетер получил добычу: осколок льда
2026-09-04 14:38:00.000 [Info][NPC] Ледяной страж начал патрулирование в области Кристальная пещера
2026-09-04 14:38:30.000 [Info][Clan] Ночные совы получили 15 очков за контроль области Зимний порт
2026-09-04 14:39:00.000 [Info][Event] В области Северный хребет обновлено состояние сезонной цели
2026-09-04 14:39:30.000 [Info][Database] Сохранён профиль пользователя МираСтоун
2026-09-04 14:40:00.000 [Info][User] Пользователь КаменьМот получил 25 единиц опыта
2026-09-04 14:40:30.000 [Info][Combat] В области Старая сторожевая башня завершено боевое столкновение
2026-09-04 14:41:00.000 [Info][Server] Проверка доступности игрового экземпляра выполнена успешно
2026-09-04 14:41:30.000 [Info][Statistics] Обновлена статистика активности области Зимний порт
2026-09-04 14:42:00.000 [Info][User] Пользователь ВоронФокс переместился в область: Северный хребет
2026-09-04 14:42:30.000 [Info][Server] Сохранено состояние игрового мира, цикл 806
2026-09-04 14:43:00.000 [Info][Combat] КаменьМот победил ледяного разведчика в области Долина инея
2026-09-04 14:43:30.000 [Info][Loot] СеверныйВетер получил добычу: осколок льда
2026-09-04 14:44:00.000 [Info][NPC] Ледяной страж начал патрулирование в области Кристальная пещера
2026-09-04 14:44:30.000 [Info][Clan] Ночные совы получили 15 очков за контроль области Зимний порт
2026-09-04 14:45:00.000 [Info][Event] В области Северный хребет обновлено состояние сезонной цели
2026-09-04 14:45:30.000 [Info][Database] Сохранён профиль пользователя МираСтоун
2026-09-04 14:46:00.000 [Info][User] Пользователь КаменьМот получил 25 единиц опыта
2026-09-04 14:46:30.000 [Info][Combat] В области Старая сторожевая башня завершено боевое столкновение
2026-09-04 14:47:00.000 [Info][Server] Проверка доступности игрового экземпляра выполнена успешно
2026-09-04 14:47:30.000 [Info][Statistics] Обновлена статистика активности области Зимний порт
2026-09-04 14:48:00.000 [Info][User] Пользователь ВоронФокс переместился в область: Северный хребет
2026-09-04 14:48:30.000 [Info][Server] Сохранено состояние игрового мира, цикл 818
2026-09-04 14:49:00.000 [Info][Combat] КаменьМот победил ледяного разведчика в области Долина инея
2026-09-04 14:49:30.000 [Info][Loot] СеверныйВетер получил добычу: осколок льда
2026-09-04 14:50:00.000 [Info][NPC] Ледяной страж начал патрулирование в области Кристальная пещера
2026-09-04 14:50:30.000 [Info][Clan] Ночные совы получили 15 очков за контроль области Зимний порт
2026-09-04 14:51:00.000 [Info][Event] В области Северный хребет обновлено состояние сезонной цели
2026-09-04 14:51:30.000 [Info][Database] Сохранён профиль пользователя МираСтоун
2026-09-04 14:52:00.000 [Info][User] Пользователь КаменьМот получил 25 единиц опыта
2026-09-04 14:52:30.000 [Info][Combat] В области Старая сторожевая башня завершено боевое столкновение
2026-09-04 14:53:00.000 [Info][Server] Проверка доступности игрового экземпляра выполнена успешно
2026-09-04 14:53:30.000 [Info][Statistics] Обновлена статистика активности области Зимний порт
2026-09-04 14:54:00.000 [Info][User] Пользователь ВоронФокс переместился в область: Северный хребет
2026-09-04 14:54:30.000 [Info][Server] Сохранено состояние игрового мира, цикл 830
2026-09-04 14:55:00.000 [Info][Combat] КаменьМот победил ледяного разведчика в области Долина инея
2026-09-04 14:55:30.000 [Info][Loot] СеверныйВетер получил добычу: осколок льда
2026-09-04 14:56:00.000 [Info][NPC] Ледяной страж начал патрулирование в области Кристальная пещера
2026-09-04 14:56:30.000 [Info][Clan] Ночные совы получили 15 очков за контроль области Зимний порт
2026-09-04 14:57:00.000 [Info][Event] В области Северный хребет обновлено состояние сезонной цели
2026-09-04 14:57:30.000 [Info][Database] Сохранён профиль пользователя МираСтоун
2026-09-04 14:58:00.000 [Info][User] Пользователь КаменьМот получил 25 единиц опыта
2026-09-04 14:58:30.000 [Info][Combat] В области Старая сторожевая башня завершено боевое столкновение
2026-09-04 14:59:00.000 [Info][Server] Проверка доступности игрового экземпляра выполнена успешно
2026-09-04 14:59:30.000 [Info][Statistics] Обновлена статистика активности области Зимний порт
2026-09-04 15:00:00.000 [Info][User] Пользователь ВоронФокс переместился в область: Северный хребет
2026-09-04 15:00:30.000 [Info][Server] Сохранено состояние игрового мира, цикл 842
2026-09-04 15:01:00.000 [Info][Combat] КаменьМот победил ледяного разведчика в области Долина инея
2026-09-04 15:01:30.000 [Info][Loot] СеверныйВетер получил добычу: осколок льда
2026-09-04 15:02:00.000 [Info][NPC] Ледяной страж начал патрулирование в области Кристальная пещера
2026-09-04 15:02:30.000 [Info][Clan] Ночные совы получили 15 очков за контроль области Зимний порт
2026-09-04 15:03:00.000 [Info][Event] В области Северный хребет обновлено состояние сезонной цели
2026-09-04 15:03:30.000 [Info][Database] Сохранён профиль пользователя МираСтоун
2026-09-04 15:04:00.000 [Info][User] Пользователь КаменьМот получил 25 единиц опыта
2026-09-04 15:04:30.000 [Info][Combat] В области Старая сторожевая башня завершено боевое столкновение
2026-09-04 15:05:00.000 [Info][Server] Проверка доступности игрового экземпляра выполнена успешно
2026-09-04 15:05:30.000 [Info][Statistics] Обновлена статистика активности области Зимний порт
2026-09-04 15:06:00.000 [Info][User] Пользователь ВоронФокс переместился в область: Северный хребет
2026-09-04 15:06:30.000 [Info][Server] Сохранено состояние игрового мира, цикл 854
2026-09-04 15:07:00.000 [Info][Combat] КаменьМот победил ледяного разведчика в области Долина инея
2026-09-04 15:07:30.000 [Info][Loot] СеверныйВетер получил добычу: осколок льда
2026-09-04 15:08:00.000 [Info][NPC] Ледяной страж начал патрулирование в области Кристальная пещера
2026-09-04 15:08:30.000 [Info][Clan] Ночные совы получили 15 очков за контроль области Зимний порт
2026-09-04 15:09:00.000 [Info][Event] В области Северный хребет обновлено состояние сезонной цели
2026-09-04 15:09:30.000 [Info][Database] Сохранён профиль пользователя МираСтоун
2026-09-04 15:10:00.000 [Info][User] Пользователь КаменьМот получил 25 единиц опыта
2026-09-04 15:10:30.000 [Info][Combat] В области Старая сторожевая башня завершено боевое столкновение
2026-09-04 15:11:00.000 [Info][Server] Проверка доступности игрового экземпляра выполнена успешно
2026-09-04 15:11:30.000 [Info][Statistics] Обновлена статистика активности области Зимний порт
2026-09-04 15:12:00.000 [Info][User] Пользователь ВоронФокс переместился в область: Северный хребет
2026-09-04 15:12:30.000 [Info][Server] Сохранено состояние игрового мира, цикл 866
2026-09-04 15:13:00.000 [Info][Combat] КаменьМот победил ледяного разведчика в области Долина инея
2026-09-04 15:13:30.000 [Info][Loot] СеверныйВетер получил добычу: осколок льда
2026-09-04 15:14:00.000 [Info][NPC] Ледяной страж начал патрулирование в области Кристальная пещера
2026-09-04 15:14:30.000 [Info][Clan] Ночные совы получили 15 очков за контроль области Зимний порт
2026-09-04 15:15:00.000 [Info][Event] В области Северный хребет обновлено состояние сезонной цели
2026-09-04 15:15:30.000 [Info][Database] Сохранён профиль пользователя МираСтоун
2026-09-04 15:16:00.000 [Warning][User] Пользователь КаменьМот получил 25 единиц опыта
2026-09-04 15:16:30.000 [Info][Combat] В области Старая сторожевая башня завершено боевое столкновение
2026-09-04 15:17:00.000 [Info][Server] Проверка доступности игрового экземпляра выполнена успешно
2026-09-04 15:17:30.000 [Info][Statistics] Обновлена статистика активности области Зимний порт
2026-09-04 15:18:00.000 [Info][User] Пользователь ВоронФокс переместился в область: Северный хребет
2026-09-04 15:18:30.000 [Info][Server] Сохранено состояние игрового мира, цикл 878
